Component: ARM Compiler 5.06 update 1 (build 61) Tool: armlink [4d35a8]

==============================================================================

Section Cross References

    usrmain.o(i.main) refers to rt_cmsis.o(i.osKernelInitialize) for osKernelInitialize
    usrmain.o(i.main) refers to stm32f4xx_hal.o(i.HAL_Init) for HAL_Init
    usrmain.o(i.main) refers to datamanage.o(i.bsp_dataManageInit) for bsp_dataManageInit
    usrmain.o(i.main) refers to uart_datatransfer.o(i.osMemoryInit) for osMemoryInit
    usrmain.o(i.main) refers to uart_datatransfer.o(i.msgQueueInit) for msgQueueInit
    usrmain.o(i.main) refers to uart_datatransfer.o(i.communicationActive) for communicationActive
    usrmain.o(i.main) refers to datamanage.o(i.usrApp_nvsOpreation_test) for usrApp_nvsOpreation_test
    usrmain.o(i.main) refers to bussiness_timerhard.o(i.bsp_hwTimerInit) for bsp_hwTimerInit
    usrmain.o(i.main) refers to bussiness_timerhard.o(i.bsp_iwdgInit) for bsp_iwdgInit
    usrmain.o(i.main) refers to bspdrv_optdevrelay.o(i.bsp_actuatorRelay_Init) for bsp_actuatorRelay_Init
    usrmain.o(i.main) refers to bspdrv_optdevtips.o(i.bsp_opreatReflectTips_Init) for bsp_opreatReflectTips_Init
    usrmain.o(i.main) refers to bussiness_timersoft.o(i.usrAppNormalBussiness_softTimerInit) for usrAppNormalBussiness_softTimerInit
    usrmain.o(i.main) refers to timer_activing.o(i.usrAppTimActiving_processInit) for usrAppTimActiving_processInit
    usrmain.o(i.main) refers to bspdrv_iptdevice.o(i.devDrvIpt_threadProcessActive) for devDrvIpt_threadProcessActive
    usrmain.o(i.main) refers to bspdrv_optdevtips.o(i.beeps_usrActive) for beeps_usrActive
    usrmain.o(i.main) refers to rt_cmsis.o(i.osKernelStart) for osKernelStart
    datamanage.o(i.bsp_dataManageInit) refers to rt_cmsis.o(i.osPoolCreate) for osPoolCreate
    datamanage.o(i.bsp_dataManageInit) refers to datamanage.o(.constdata) for os_pool_def_normalMemUint8_t_pool
    datamanage.o(i.bsp_dataManageInit) refers to datamanage.o(.data) for normalMemUint8_t_poolAttr_id
    datamanage.o(i.switchTypeReserve_GET) refers to datamanage.o(.data) for SWITCH_TYPE
    datamanage.o(i.typeStrgetByNum) refers to datamanage.o(.constdata) for devType_strTab
    datamanage.o(i.usrApp_MEM_If_DeInit_FS) refers to stm32f4xx_hal_flash.o(i.HAL_FLASH_Lock) for HAL_FLASH_Lock
    datamanage.o(i.usrApp_MEM_If_Init_FS) refers to stm32f4xx_hal_flash.o(i.HAL_FLASH_Unlock) for HAL_FLASH_Unlock
    datamanage.o(i.usrApp_nvsOpreation_dataSave) refers to rt_memclr_w.o(.text) for __aeabi_memclr4
    datamanage.o(i.usrApp_nvsOpreation_test) refers to _printf_percent.o(.ARM.Collect$$_printf_percent$$00000000) for _printf_percent
    datamanage.o(i.usrApp_nvsOpreation_test) refers to _printf_d.o(.ARM.Collect$$_printf_percent$$00000009) for _printf_d
    datamanage.o(i.usrApp_nvsOpreation_test) refers to _printf_dec.o(.text) for _printf_int_dec
    datamanage.o(i.usrApp_nvsOpreation_test) refers to rt_memclr_w.o(.text) for __aeabi_memclr4
    datamanage.o(i.usrApp_nvsOpreation_test) refers to datamanage.o(i.usrApp_nvsOpreation_dataSave) for usrApp_nvsOpreation_dataSave
    datamanage.o(i.usrApp_nvsOpreation_test) refers to datamanage.o(i.usrApp_nvsOpreation_dataGet) for usrApp_nvsOpreation_dataGet
    datamanage.o(i.usrApp_nvsOpreation_test) refers to noretval__2snprintf.o(.text) for __2snprintf
    datamanage.o(i.usrApp_nvsOpreation_test) refers to strlen.o(.text) for strlen
    datamanage.o(i.usrApp_nvsOpreation_test) refers to rt_cmsis.o(i.osDelay) for osDelay
    datamanage.o(i.usrApp_nvsOpreation_test) refers to datamanage.o(.data) for usrApp_localRecordDatas
    datamanage.o(i.usrApp_nvsOpreation_test) refers to datamanage.o(.bss) for printfLog_bufTemp
    datamanage.o(i.usrApp_nvsOpreation_test) refers to usart_stm32f4xx.o(.constdata) for Driver_USART1
    datamanage.o(.constdata) refers to datamanage.o(.bss) for os_pool_m_normalMemUint8_t_pool
    usrappmethod.o(i.strloc) refers to strlen.o(.text) for strlen
    usrmanage_halhwcallbcak.o(i.HAL_TIM_Base_MspInit) refers to stm32f4xx_hal_cortex.o(i.HAL_NVIC_SetPriority) for HAL_NVIC_SetPriority
    usrmanage_halhwcallbcak.o(i.HAL_TIM_Base_MspInit) refers to stm32f4xx_hal_cortex.o(i.HAL_NVIC_EnableIRQ) for HAL_NVIC_EnableIRQ
    usrmanage_halhwcallbcak.o(i.HAL_TIM_PeriodElapsedCallback) refers to bussiness_timerhard.o(i.TIM3_IRQHandler_callByHal) for TIM3_IRQHandler_callByHal
    datsprocess_uartwifi.o(i.WIFI_mainThread) refers to _printf_percent.o(.ARM.Collect$$_printf_percent$$00000000) for _printf_percent
    datsprocess_uartwifi.o(i.WIFI_mainThread) refers to _printf_s.o(.ARM.Collect$$_printf_percent$$00000014) for _printf_s
    datsprocess_uartwifi.o(i.WIFI_mainThread) refers to _printf_str.o(.text) for _printf_str
    datsprocess_uartwifi.o(i.WIFI_mainThread) refers to _printf_pad.o(.text) for _printf_pre_padding
    datsprocess_uartwifi.o(i.WIFI_mainThread) refers to _printf_x.o(.ARM.Collect$$_printf_percent$$0000000C) for _printf_x
[...]
    osMessageGet                             0x08008a49   Thumb Code    18  rt_cmsis.o(i.osMessageGet)
    osMessagePut                             0x08008a61   Thumb Code    18  rt_cmsis.o(i.osMessagePut)
    osMutexCreate                            0x08008a79   Thumb Code    36  rt_cmsis.o(i.osMutexCreate)
    osMutexRelease                           0x08008aa5   Thumb Code    18  rt_cmsis.o(i.osMutexRelease)
    osPoolAlloc                              0x08008abd   Thumb Code    26  rt_cmsis.o(i.osPoolAlloc)
    osPoolCreate                             0x08008add   Thumb Code    36  rt_cmsis.o(i.osPoolCreate)
    osPoolFree                               0x08008b09   Thumb Code    26  rt_cmsis.o(i.osPoolFree)
    osSignalSet                              0x08008b29   Thumb Code    18  rt_cmsis.o(i.osSignalSet)
    osSignalWait                             0x08008b41   Thumb Code    18  rt_cmsis.o(i.osSignalWait)
    osThreadCreate                           0x08008b59   Thumb Code    36  rt_cmsis.o(i.osThreadCreate)
    osThreadExit                             0x08008b85   Thumb Code    14  rt_cmsis.o(i.osThreadExit)
    osThreadGetId                            0x08008b9d   Thumb Code    18  rt_cmsis.o(i.osThreadGetId)
    osTimerCall                              0x08008bb5   Thumb Code     8  rt_cmsis.o(i.osTimerCall)
    osTimerCreate                            0x08008bc1   Thumb Code    36  rt_cmsis.o(i.osTimerCreate)
    osTimerStart                             0x08008bed   Thumb Code    18  rt_cmsis.o(i.osTimerStart)
    osTimerThread                            0x08008c05   Thumb Code    38  rt_cmsis.o(i.osTimerThread)
    os_error                                 0x08008c31   Thumb Code    34  rtx_conf_cm.o(i.os_error)
    os_idle_demon                            0x08008c53   Thumb Code     4  rtx_conf_cm.o(i.os_idle_demon)
    os_tick_init                             0x08008c59   Thumb Code    32  rt_system.o(i.os_tick_init)
    os_tick_irqack                           0x08008c81   Thumb Code     2  rt_system.o(i.os_tick_irqack)
    rt_alloc_box                             0x08008e95   Thumb Code    26  rt_membox.o(i.rt_alloc_box)
    rt_alloc_mem                             0x08008eaf   Thumb Code    62  rt_memory.o(i.rt_alloc_mem)
    rt_block                                 0x08008eed   Thumb Code    48  rt_task.o(i.rt_block)
    rt_chk_robin                             0x08008f25   Thumb Code    60  rt_robin.o(i.rt_chk_robin)
    rt_dec_dly                               0x08008f6d   Thumb Code   102  rt_list.o(i.rt_dec_dly)
    rt_dispatch                              0x08008fdd   Thumb Code    60  rt_task.o(i.rt_dispatch)
    rt_dly_wait                              0x08009021   Thumb Code     6  rt_time.o(i.rt_dly_wait)
    rt_evt_psh                               0x08009029   Thumb Code    76  rt_event.o(i.rt_evt_psh)
    rt_evt_set                               0x08009079   Thumb Code    88  rt_event.o(i.rt_evt_set)
    rt_evt_wait                              0x080090d5   Thumb Code    56  rt_event.o(i.rt_evt_wait)
    rt_free_box                              0x08009111   Thumb Code    44  rt_membox.o(i.rt_free_box)
    rt_free_mem                              0x0800913d   Thumb Code    40  rt_memory.o(i.rt_free_mem)
    rt_get_first                             0x08009165   Thumb Code    40  rt_list.o(i.rt_get_first)
    rt_init_mem                              0x080091dd   Thumb Code    26  rt_memory.o(i.rt_init_mem)
    rt_init_robin                            0x080091f9   Thumb Code    14  rt_robin.o(i.rt_init_robin)
    rt_init_stack                            0x08009211   Thumb Code   118  hal_cm.o(i.rt_init_stack)
    rt_mbx_check                             0x08009291   Thumb Code     8  rt_mailbox.o(i.rt_mbx_check)
    rt_mbx_init                              0x08009299   Thumb Code    26  rt_mailbox.o(i.rt_mbx_init)
    rt_mbx_psh                               0x080092b5   Thumb Code   236  rt_mailbox.o(i.rt_mbx_psh)
    rt_mbx_send                              0x080093a5   Thumb Code   148  rt_mailbox.o(i.rt_mbx_send)
    rt_mbx_wait                              0x0800943d   Thumb Code   174  rt_mailbox.o(i.rt_mbx_wait)
    rt_mut_init                              0x08009535   Thumb Code    16  rt_mutex.o(i.rt_mut_init)
    rt_mut_release                           0x08009545   Thumb Code   208  rt_mutex.o(i.rt_mut_release)
    rt_mut_wait                              0x0800961d   Thumb Code   114  rt_mutex.o(i.rt_mut_wait)
    rt_pop_req                               0x08009695   Thumb Code   112  rt_system.o(i.rt_pop_req)
    rt_psh_req                               0x08009711   Thumb Code    22  rt_system.o(i.rt_psh_req)
    rt_psq_enq                               0x08009731   Thumb Code    88  rt_list.o(i.rt_psq_enq)
    rt_put_dly                               0x0800978d   Thumb Code    68  rt_list.o(i.rt_put_dly)
    rt_put_prio                              0x080097d5   Thumb Code    54  rt_list.o(i.rt_put_prio)
    rt_put_rdy_first                         0x0800980d   Thumb Code    14  rt_list.o(i.rt_put_rdy_first)
    rt_resort_prio                           0x08009821   Thumb Code    46  rt_list.o(i.rt_resort_prio)
    rt_ret_val                               0x08009865   Thumb Code    12  hal_cm.o(i.rt_ret_val)
    rt_ret_val2                              0x08009871   Thumb Code    16  hal_cm.o(i.rt_ret_val2)
    rt_rmv_dly                               0x08009881   Thumb Code    40  rt_list.o(i.rt_rmv_dly)
    rt_rmv_list                              0x080098a9   Thumb Code    44  rt_list.o(i.rt_rmv_list)
    rt_sem_psh                               0x080098d9   Thumb Code    48  rt_semaphore.o(i.rt_sem_psh)
    rt_stk_check                             0x0800990d   Thumb Code    28  rt_system.o(i.rt_stk_check)
    rt_switch_req                            0x08009931   Thumb Code    30  rt_task.o(i.rt_switch_req)
    rt_sys_init                              0x08009959   Thumb Code   138  rt_task.o(i.rt_sys_init)
    rt_sys_start                             0x08009a25   Thumb Code   110  rt_task.o(i.rt_sys_start)
    rt_systick                               0x08009a9d   Thumb Code    50  rt_system.o(i.rt_systick)
    rt_tsk_create                            0x08009b61   Thumb Code   118  rt_task.o(i.rt_tsk_create)
    rt_tsk_delete                            0x08009be9   Thumb Code   352  rt_task.o(i.rt_tsk_delete)
    rt_tsk_prio                              0x08009d65   Thumb Code   108  rt_task.o(i.rt_tsk_prio)
    rt_tsk_self                              0x08009de1   Thumb Code    12  rt_task.o(i.rt_tsk_self)
    str2Mac5                                 0x08009df1   Thumb Code    82  usrappmethod.o(i.str2Mac5)
    str2devType                              0x08009e43   Thumb Code   142  usrappmethod.o(i.str2devType)
    svcDelay                                 0x08009ed1   Thumb Code    18  rt_cmsis.o(i.svcDelay)
    svcKernelInitialize                      0x08009ee5   Thumb Code    80  rt_cmsis.o(i.svcKernelInitialize)
    svcKernelStart                           0x08009f55   Thumb Code    62  rt_cmsis.o(i.svcKernelStart)
    svcMessageCreate                         0x08009f9d   Thumb Code    36  rt_cmsis.o(i.svcMessageCreate)
    svcMessageGet                            0x08009fc1   Thumb Code    58  rt_cmsis.o(i.svcMessageGet)
    svcMessagePut                            0x08009ffb   Thumb Code    54  rt_cmsis.o(i.svcMessagePut)
    svcMutexCreate                           0x0800a031   Thumb Code    28  rt_cmsis.o(i.svcMutexCreate)
    svcMutexRelease                          0x0800a04d   Thumb Code    34  rt_cmsis.o(i.svcMutexRelease)
    svcPoolCreate                            0x0800a06f   Thumb Code    40  rt_cmsis.o(i.svcPoolCreate)
    svcSignalSet                             0x0800a097   Thumb Code    36  rt_cmsis.o(i.svcSignalSet)
    svcSignalWait                            0x0800a0bd   Thumb Code    80  rt_cmsis.o(i.svcSignalWait)
    svcThreadCreate                          0x0800a111   Thumb Code    96  rt_cmsis.o(i.svcThreadCreate)
    svcThreadGetId                           0x0800a17d   Thumb Code    22  rt_cmsis.o(i.svcThreadGetId)
    svcThreadTerminate                       0x0800a199   Thumb Code    50  rt_cmsis.o(i.svcThreadTerminate)
    svcTimerCall                             0x0800a1d1   Thumb Code    24  rt_cmsis.o(i.svcTimerCall)
    svcTimerCreate                           0x0800a1e9   Thumb Code    52  rt_cmsis.o(i.svcTimerCreate)
    svcTimerStart                            0x0800a221   Thumb Code    96  rt_cmsis.o(i.svcTimerStart)
    switchTypeReserve_GET                    0x0800a285   Thumb Code    36  datamanage.o(i.switchTypeReserve_GET)
    sysPoolAlloc                             0x0800a2ad   Thumb Code    10  rt_cmsis.o(i.sysPoolAlloc)
    sysPoolFree                              0x0800a2b7   Thumb Code    20  rt_cmsis.o(i.sysPoolFree)
    sysTimerTick                             0x0800a2cd   Thumb Code    84  rt_cmsis.o(i.sysTimerTick)
    tipsLED_colorSet                         0x0800a771   Thumb Code   128  bspdrv_optdevtips.o(i.tipsLED_colorSet)
    tips_statusChangeToAPFind                0x0800ab51   Thumb Code    22  bspdrv_optdevtips.o(i.tips_statusChangeToAPFind)
    tips_statusChangeToFactoryRecover        0x0800ab71   Thumb Code    16  bspdrv_optdevtips.o(i.tips_statusChangeToFactoryRecover)
    tips_statusChangeToNormal                0x0800ab85   Thumb Code    14  bspdrv_optdevtips.o(i.tips_statusChangeToNormal)
    tips_statusChangeToTouchReset            0x0800ab9d   Thumb Code    16  bspdrv_optdevtips.o(i.tips_statusChangeToTouchReset)
    tips_statusChangeToZigbNwkOpen           0x0800abb1   Thumb Code    28  bspdrv_optdevtips.o(i.tips_statusChangeToZigbNwkOpen)
    tuyaApp_devTypeDefPid_strGet             0x0800b60d   Thumb Code    94  datsprocess_uartwifi.o(i.tuyaApp_devTypeDefPid_strGet)
    typeStrgetByNum                          0x0800b721   Thumb Code    92  datamanage.o(i.typeStrgetByNum)
    uartConDblog_eventFunCb                  0x0800b781   Thumb Code    20  uart_datatransfer.o(i.uartConDblog_eventFunCb)
    uartConWifi_eventFunCb                   0x0800b799   Thumb Code    36  datsprocess_uartwifi.o(i.uartConWifi_eventFunCb)
    uartConZigb_eventFunCb                   0x0800b7c9   Thumb Code    56  datsprocess_uartzigbee.o(i.uartConZigb_eventFunCb)
    uartDrvObjGet                            0x0800b811   Thumb Code    36  uart_datatransfer.o(i.uartDrvObjGet)
    uartRxTimeout_signalDefGet               0x0800b841   Thumb Code    36  uart_datatransfer.o(i.uartRxTimeout_signalDefGet)
    usrAppNormalBussiness_softTimerInit      0x0800b88d   Thumb Code    26  bussiness_timersoft.o(i.usrAppNormalBussiness_softTimerInit)
    usrAppTimActiving_processInit            0x0800ba99   Thumb Code    16  timer_activing.o(i.usrAppTimActiving_processInit)
    usrApp_devWifiStatus_set                 0x0800bad1   Thumb Code     6  datsprocess_uartwifi.o(i.usrApp_devWifiStatus_set)
    usrApp_gateWayfuncNwkopen_opreat         0x0800badd   Thumb Code    18  datsprocess_uartwifi.o(i.usrApp_gateWayfuncNwkopen_opreat)
    usrApp_gateWayfuncNwkopen_terminate      0x0800baf5   Thumb Code    16  datsprocess_uartwifi.o(i.usrApp_gateWayfuncNwkopen_terminate)
    usrApp_iptFunctionReales_period1ms       0x0800bb09   Thumb Code    58  bspdrv_iptdevice.o(i.usrApp_iptFunctionReales_period1ms)
    usrApp_nvsOpreation_dataGet              0x0800bb55   Thumb Code     2  datamanage.o(i.usrApp_nvsOpreation_dataGet)
    usrApp_nvsOpreation_dataSave             0x0800bb57   Thumb Code    52  datamanage.o(i.usrApp_nvsOpreation_dataSave)
    usrApp_nvsOpreation_test                 0x0800bb8d   Thumb Code    74  datamanage.o(i.usrApp_nvsOpreation_test)
    usrApp_tipsActionFunctionReales_period1ms 0x0800bbf5   Thumb Code    34  bspdrv_optdevtips.o(i.usrApp_tipsActionFunctionReales_period1ms)
    usrApp_tipsBeepFunctionReales_period100us 0x0800bc21   Thumb Code   278  bspdrv_optdevtips.o(i.usrApp_tipsBeepFunctionReales_period100us)
    usrApp_tipsLightFunctionReales_period100us 0x0800bd61   Thumb Code  1158  bspdrv_optdevtips.o(i.usrApp_tipsLightFunctionReales_period100us)
    usrApp_usartEventCb_register             0x0800c1f1   Thumb Code   100  uart_datatransfer.o(i.usrApp_usartEventCb_register)
    usrApp_wifiNwkCfg_stop                   0x0800c2e9   Thumb Code    92  bspdrv_iptdevice.o(i.usrApp_wifiNwkCfg_stop)
    wifiFunction_callFromThread              0x0800ca75   Thumb Code    44  datsprocess_uartwifi.o(i.wifiFunction_callFromThread)
    wifiFunction_nwkCfgStart                 0x0800caad   Thumb Code    22  datsprocess_uartwifi.o(i.wifiFunction_nwkCfgStart)
    zigB_sysTimeSet_detailedFormatTuya       0x0800cdc5   Thumb Code   114  datsprocess_uartzigbee.o(i.zigB_sysTimeSet_detailedFormatTuya)
    zigbDev_eptPutout_BYpsy                  0x0800cfc1   Thumb Code   154  datsprocess_uartzigbee.o(i.zigbDev_eptPutout_BYpsy)
    zigbFunction_callFromThread              0x0800d0b1   Thumb Code    42  datsprocess_uartzigbee.o(i.zigbFunction_callFromThread)
    zigb_VALIDA_INPUT                        0x0800d6c5   Thumb Code   222  datsprocess_uartzigbee.o(i.zigb_VALIDA_INPUT)
    _fp_init                                 0x0800d94d   Thumb Code    10  fpinit.o(x$fpl$fpinit)
    __fplib_config_fpu_vfp                   0x0800d955   Thumb Code     0  fpinit.o(x$fpl$fpinit)
    __fplib_config_pureend_doubles           0x0800d955   Thumb Code     0  fpinit.o(x$fpl$fpinit)
    devType_strTab                           0x0800d958   Data          80  datamanage.o(.constdata)
    devRootNode_subidMac                     0x0800d9a8   Data           5  datamanage.o(.constdata)
    debugLogOut_targetMAC                    0x0800d9ad   Data           5  datamanage.o(.constdata)
    os_pool_def_normalMemUint8_t_pool        0x0800d9b4   Data          12  datamanage.o(.constdata)
    period_devRootHbReport                   0x0800da6a   Data           1  datsprocess_uartwifi.o(.constdata)
    os_thread_def_uartWifiDataRcvHandle_Thread 0x0800da6c   Data          16  datsprocess_uartwifi.o(.constdata)
    os_pool_def_WifiUartMsgDatatrans_pool    0x0800da7c   Data          12  datsprocess_uartwifi.o(.constdata)
    os_pool_def_WifiFuncRemind_pool          0x0800da88   Data          12  datsprocess_uartwifi.o(.constdata)
    os_messageQ_def_MsgBox_threadDP_W2Z      0x0800da94   Data           8  datsprocess_uartwifi.o(.constdata)
    os_messageQ_def_MsgBox_uartWifiToutDats_datatrans 0x0800da9c   Data           8  datsprocess_uartwifi.o(.constdata)
    os_messageQ_def_MsgBox_wifiFuncRemind    0x0800daa4   Data           8  datsprocess_uartwifi.o(.constdata)
    os_thread_def_uartZigbDataRcvHandle_Thread 0x0800dab8   Data          16  datsprocess_uartzigbee.o(.constdata)
    os_timer_def_TimerZigbDevManage          0x0800dac8   Data           8  datsprocess_uartzigbee.o(.constdata)
    os_pool_def_nwkZigbDevStateAttr_pool     0x0800dad0   Data          12  datsprocess_uartzigbee.o(.constdata)
    os_pool_def_ZigbUartMsgDataSysRespond_pool 0x0800dadc   Data          12  datsprocess_uartzigbee.o(.constdata)
    os_pool_def_ZigbUartMsgDataRemoteComing_pool 0x0800dae8   Data          12  datsprocess_uartzigbee.o(.constdata)
    os_pool_def_ZigbUartMsgRmDataReqResp_pool 0x0800daf4   Data          12  datsprocess_uartzigbee.o(.constdata)
    os_pool_def_ZigbFuncRemind_pool          0x0800db00   Data          12  datsprocess_uartzigbee.o(.constdata)
    os_messageQ_def_MsgBox_threadDP_Z2W      0x0800db0c   Data           8  datsprocess_uartzigbee.o(.constdata)
    os_messageQ_def_MsgBox_uartZigbToutDats_dataSysRespond 0x0800db14   Data           8  datsprocess_uartzigbee.o(.constdata)
    os_messageQ_def_MsgBox_uartZigbToutDats_dataRemoteComing 0x0800db1c   Data           8  datsprocess_uartzigbee.o(.constdata)
    os_messageQ_def_MsgBox_uartZigbToutDats_rmDataReqResp 0x0800db24   Data           8  datsprocess_uartzigbee.o(.constdata)
    os_messageQ_def_MsgBox_zigbFuncRemind    0x0800db2c   Data           8  datsprocess_uartzigbee.o(.constdata)
    os_thread_def_com1DbugP1_Thread          0x0800ed64   Data          16  uart_datatransfer.o(.constdata)
    os_thread_def_com2DataTransP1_Thread     0x0800ed74   Data          16  uart_datatransfer.o(.constdata)
    os_thread_def_com5DataTransP2_Thread     0x0800ed84   Data          16  uart_datatransfer.o(.constdata)
    os_pool_def_dtThreadActInitParm_pool     0x0800ed94   Data          12  uart_datatransfer.o(.constdata)
    os_pool_def_threadDatsPass_pool          0x0800eda0   Data          12  uart_datatransfer.o(.constdata)
    os_mutex_def_mtxUartDblog                0x0800edac   Data           4  uart_datatransfer.o(.constdata)
    os_timer_def_timerUsrApp_nromalBussiness 0x0800edb0   Data           8  bussiness_timersoft.o(.constdata)
    os_thread_def_timActivingProcess_Thread  0x0800edb8   Data          16  timer_activing.o(.constdata)
    os_thread_def_devDrvIpt_mainThread       0x0800edc8   Data          16  bspdrv_iptdevice.o(.constdata)
    os_thread_def_usrTipsProcess_Thread      0x0800edd8   Data          16  bspdrv_optdevtips.o(.constdata)
    color_Tab                                0x0800ede8   Data          30  bspdrv_optdevtips.o(.constdata)
    tips_relayUnused                         0x0800ee06   Data           3  bspdrv_optdevtips.o(.constdata)
    os_thread_def_relayActingProcess_Thread  0x0800ee0c   Data          16  bspdrv_optdevrelay.o(.constdata)
    os_maxtaskrun                            0x0800ee1c   Data           2  rtx_conf_cm.o(.constdata)
    os_stackinfo                             0x0800ee20   Data           4  rtx_conf_cm.o(.constdata)
    os_rrobin                                0x0800ee24   Data           4  rtx_conf_cm.o(.constdata)
    os_tickfreq                              0x0800ee28   Data           4  rtx_conf_cm.o(.constdata)
    os_tickus_i                              0x0800ee2c   Data           2  rtx_conf_cm.o(.constdata)
    os_tickus_f                              0x0800ee2e   Data           2  rtx_conf_cm.o(.constdata)
    os_trv                                   0x0800ee30   Data           4  rtx_conf_cm.o(.constdata)
    os_flags                                 0x0800ee34   Data           1  rtx_conf_cm.o(.constdata)
    CMSIS_RTOS_API_Version                   0x0800ee38   Data           4  rtx_conf_cm.o(.constdata)
    CMSIS_RTOS_RTX_Version                   0x0800ee3c   Data           4  rtx_conf_cm.o(.constdata)
    os_clockrate                             0x0800ee40   Data           4  rtx_conf_cm.o(.constdata)
    os_timernum                              0x0800ee44   Data           4  rtx_conf_cm.o(.constdata)
    mp_tcb_size                              0x0800ee48   Data           2  rtx_conf_cm.o(.constdata)
    mp_stk_size                              0x0800ee4c   Data           4  rtx_conf_cm.o(.constdata)
    os_stack_sz                              0x0800ee50   Data           4  rtx_conf_cm.o(.constdata)
    os_fifo_size                             0x0800ee54   Data           1  rtx_conf_cm.o(.constdata)
    os_thread_def_osTimerThread              0x0800ee58   Data          16  rtx_conf_cm.o(.constdata)
    os_messageQ_def_osTimerMessageQ          0x0800ee68   Data           8  rtx_conf_cm.o(.constdata)
    mp_tmr_size                              0x0800ee70   Data           2  rtx_conf_cm.o(.constdata)
    os_thread_def_main                       0x0800ee74   Data          16  rtx_conf_cm.o(.constdata)
    Driver_USART1                            0x0800efe4   Data          56  usart_stm32f4xx.o(.constdata)
    Driver_USART2                            0x0800f01c   Data          56  usart_stm32f4xx.o(.constdata)
    Driver_USART6                            0x0800f054   Data          56  usart_stm32f4xx.o(.constdata)
    APBAHBPrescTable                         0x0800f094   Data          16  stm32f4xx_hal_rcc.o(.constdata)
    Region$$Table$$Base                      0x0800f144   Number         0  anon$$obj.o(Region$$Table)
    Region$$Table$$Limit                     0x0800f164   Number         0  anon$$obj.o(Region$$Table)
    normalMemUint8_t_poolAttr_id             0x20000000   Data           4  datamanage.o(.data)
    sysTimeZone_H                            0x20000004   Data           1  datamanage.o(.data)
    sysTimeZone_M                            0x20000005   Data           1  datamanage.o(.data)
    systemUTC_current                        0x20000008   Data           4  datamanage.o(.data)
    sysTimeKeep_counter                      0x2000000c   Data           2  datamanage.o(.data)
    systemTime_current                       0x2000000e   Data           7  datamanage.o(.data)
    zigbNwkReserveNodeNum_currentValue       0x20000015   Data           1  datamanage.o(.data)
    DEV_actReserve                           0x20000016   Data           1  datamanage.o(.data)
    SWITCH_TYPE                              0x20000017   Data           1  datamanage.o(.data)
    deviceLock_flag                          0x20000018   Data           1  datamanage.o(.data)
    MACSTA_ID                                0x20000019   Data           6  datamanage.o(.data)
    MACAP_ID                                 0x2000001f   Data           6  datamanage.o(.data)
    MACDST_ID                                0x20000025   Data           6  datamanage.o(.data)
    nwkInternetOnline_IF                     0x20000058   Data           1  datsprocess_uartwifi.o(.data)
    nwkWifi_cfg_method                       0x20000059   Data           1  datsprocess_uartwifi.o(.data)
    counter_devRootHbReport                  0x2000005a   Data           1  datsprocess_uartwifi.o(.data)
    loopCounter_gatewayNwkOpen               0x2000005b   Data           1  datsprocess_uartwifi.o(.data)
    wifiCfg_triggerParam                     0x2000005c   Data           1  datsprocess_uartwifi.o(.data)
    tid_uartWifiDataRcvHandle_Thread         0x20000060   Data           4  datsprocess_uartwifi.o(.data)
    WifiUartMsgDatatrans_poolAttr_id         0x20000064   Data           4  datsprocess_uartwifi.o(.data)
    WifiFuncRemind_poolAttr_id               0x20000068   Data           4  datsprocess_uartwifi.o(.data)
    mqID_threadDP_W2Z                        0x2000006c   Data           4  datsprocess_uartwifi.o(.data)
    mqID_uartWifiToutDats_datatrans          0x20000070   Data           4  datsprocess_uartwifi.o(.data)
    mqID_wifiFuncRemind                      0x20000074   Data           4  datsprocess_uartwifi.o(.data)
    zigbDevList_Head                         0x200000a0   Data           4  datsprocess_uartzigbee.o(.data)
    tid_uartZigbDataRcvHandle_Thread         0x200000a4   Data           4  datsprocess_uartzigbee.o(.data)
    ZigbnwkState_poolAttr_id                 0x200000a8   Data           4  datsprocess_uartzigbee.o(.data)
    ZigbUartMsgDataSysRespond_poolAttr_id    0x200000ac   Data           4  datsprocess_uartzigbee.o(.data)
    ZigbUartMsgDataRemoteComing_poolAttr_id  0x200000b0   Data           4  datsprocess_uartzigbee.o(.data)
    ZigbUartMsgRmDataReqResp_poolAttr_id     0x200000b4   Data           4  datsprocess_uartzigbee.o(.data)
    ZigbFuncRemind_poolAttr_id               0x200000b8   Data           4  datsprocess_uartzigbee.o(.data)
    mqID_threadDP_Z2W                        0x200000bc   Data           4  datsprocess_uartzigbee.o(.data)
    mqID_uartZigbToutDats_dataSysRespond     0x200000c0   Data           4  datsprocess_uartzigbee.o(.data)
    mqID_uartZigbToutDats_dataRemoteComing   0x200000c4   Data           4  datsprocess_uartzigbee.o(.data)
    mqID_uartZigbToutDats_rmDataReqResp      0x200000c8   Data           4  datsprocess_uartzigbee.o(.data)
    mqID_zigbFuncRemind                      0x200000cc   Data           4  datsprocess_uartzigbee.o(.data)
    zigbee_currentPanID_reslesCounter        0x200000d0   Data           1  datsprocess_uartzigbee.o(.data)
    nwkZigbOnline_IF                         0x200000d1   Data           1  datsprocess_uartzigbee.o(.data)
    param_uartConZigb                        0x200000d2   Data           2  datsprocess_uartzigbee.o(.data)
    zigbNodeDevDetectManage_runningFLG       0x200000d5   Data           1  datsprocess_uartzigbee.o(.data)
    tid_com1DbugP1_Thread                    0x20000104   Data           4  uart_datatransfer.o(.data)
    tid_com2DataTransP1_Thread               0x20000108   Data           4  uart_datatransfer.o(.data)
    tid_com5DataTransP2_Thread               0x2000010c   Data           4  uart_datatransfer.o(.data)
    dttAct_poolAttr_id                       0x20000110   Data           4  uart_datatransfer.o(.data)
    threadDP_poolAttr_id                     0x20000114   Data           4  uart_datatransfer.o(.data)
    mid_mtxUartDblog                         0x20000118   Data           4  uart_datatransfer.o(.data)
    counterRemind_hwTimer                    0x2000011c   Data           1  bussiness_timerhard.o(.data)
    tid_timActivingProcess_Thread            0x2000012c   Data           4  timer_activing.o(.data)
    ifNightMode_sw_running_FLAG              0x20000130   Data           1  timer_activing.o(.data)
    dbSysLogLoopCounter                      0x20000131   Data           1  timer_activing.o(.data)
    val_DcodeCfm                             0x20000134   Data           1  bspdrv_iptdevice.o(.data)
    timeCounter_smartConfig_start            0x20000135   Data           1  bspdrv_iptdevice.o(.data)
    smartconfigOpen_flg                      0x20000136   Data           1  bspdrv_iptdevice.o(.data)
    touchPadActCounter                       0x20000138   Data           2  bspdrv_iptdevice.o(.data)
    touchPadContinueCnt                      0x2000013a   Data           2  bspdrv_iptdevice.o(.data)
    usrKeyCount_EN                           0x2000013c   Data           1  bspdrv_iptdevice.o(.data)
    usrKeyCount                              0x2000013e   Data           2  bspdrv_iptdevice.o(.data)
    touchKeepCnt_record                      0x20000140   Data           1  bspdrv_iptdevice.o(.data)
    combinationFunFLG_3S5S_cancel_counter    0x20000142   Data           2  bspdrv_iptdevice.o(.data)
    tid_inputDev_process                     0x20000148   Data           4  bspdrv_iptdevice.o(.data)
    tid_usrTipsProcess_Thread                0x20000158   Data           4  bspdrv_optdevtips.o(.data)
    counter_tipsAct                          0x2000015c   Data           2  bspdrv_optdevtips.o(.data)
    relay1_Tips                              0x2000015e   Data           3  bspdrv_optdevtips.o(.data)
    relay2_Tips                              0x20000161   Data           3  bspdrv_optdevtips.o(.data)
    relay3_Tips                              0x20000164   Data           3  bspdrv_optdevtips.o(.data)
    nwk_Tips                                 0x20000167   Data           3  bspdrv_optdevtips.o(.data)
    counter_ifTipsFree                       0x2000016a   Data           1  bspdrv_optdevtips.o(.data)
    countEN_ifTipsFree                       0x2000016b   Data           1  bspdrv_optdevtips.o(.data)
    devTips_beep                             0x2000016c   Data           3  bspdrv_optdevtips.o(.data)
    dev_statusBeeps                          0x2000016f   Data           1  bspdrv_optdevtips.o(.data)
    timeCount_zigNwkOpen                     0x20000172   Data           1  bspdrv_optdevtips.o(.data)
    tid_relayActingProcess_Thread            0x2000019c   Data           4  bspdrv_optdevrelay.o(.data)
    status_actuatorRelay                     0x200001a0   Data           1  bspdrv_optdevrelay.o(.data)
    relayStatus_ifSave                       0x200001a1   Data           1  bspdrv_optdevrelay.o(.data)
    swCommand_fromUsr                        0x200001a2   Data           2  bspdrv_optdevrelay.o(.data)
    devStatus_ctrlEachO_IF                   0x200001a4   Data           1  bspdrv_optdevrelay.o(.data)
    EACHCTRL_realesFLG                       0x200001a5   Data           1  bspdrv_optdevrelay.o(.data)
    curtainAct_Param                         0x200001a6   Data           3  bspdrv_optdevrelay.o(.data)
    osThreadId_osTimerThread                 0x200001ac   Data           4  rtx_conf_cm.o(.data)
    osMessageQId_osTimerMessageQ             0x200001b0   Data           4  rtx_conf_cm.o(.data)
    os_tmr                                   0x200001b4   Data           4  rtx_conf_cm.o(.data)
    m_tmr                                    0x200001b8   Data           4  rtx_conf_cm.o(.data)
    SystemCoreClock                          0x200001c4   Data           4  system_stm32f4xx.o(.data)
    os_initialized                           0x200001c8   Data           1  rt_cmsis.o(.data)
    os_running                               0x200001c9   Data           1  rt_cmsis.o(.data)
    os_timer_head                            0x200001cc   Data           4  rt_cmsis.o(.data)
    os_tsk                                   0x200001d0   Data           8  rt_task.o(.data)
    os_tick_irqn                             0x200001dc   Data           4  rt_system.o(.data)
    os_time                                  0x200001e0   Data           4  rt_time.o(.data)
    os_robin                                 0x200001e4   Data           8  rt_robin.o(.data)
    dbg_msg                                  0x200001ec   Data           1  hal_cm.o(.data)
    os_pool_m_normalMemUint8_t_pool          0x200001f0   Data        4108  datamanage.o(.bss)
    printfLog_bufTemp                        0x200011fc   Data         128  datamanage.o(.bss)
    os_pool_m_WifiUartMsgDatatrans_pool      0x2000127c   Data        3832  datsprocess_uartwifi.o(.bss)
    os_pool_m_WifiFuncRemind_pool            0x20002174   Data          52  datsprocess_uartwifi.o(.bss)
    os_messageQ_q_MsgBox_threadDP_W2Z        0x200021a8   Data          96  datsprocess_uartwifi.o(.bss)
    os_messageQ_q_MsgBox_uartWifiToutDats_datatrans 0x20002208   Data          28  datsprocess_uartwifi.o(.bss)
    os_messageQ_q_MsgBox_wifiFuncRemind      0x20002224   Data          48  datsprocess_uartwifi.o(.bss)
    os_timer_cb_TimerZigbDevManage           0x20002934   Data          24  datsprocess_uartzigbee.o(.bss)
    os_pool_m_nwkZigbDevStateAttr_pool       0x2000294c   Data        1452  datsprocess_uartzigbee.o(.bss)
    os_pool_m_ZigbUartMsgDataSysRespond_pool 0x20002ef8   Data        1092  datsprocess_uartzigbee.o(.bss)
    os_pool_m_ZigbUartMsgDataRemoteComing_pool 0x2000333c   Data        6252  datsprocess_uartzigbee.o(.bss)
    os_pool_m_ZigbUartMsgRmDataReqResp_pool  0x20004ba8   Data         732  datsprocess_uartzigbee.o(.bss)
    os_pool_m_ZigbFuncRemind_pool            0x20004e84   Data          32  datsprocess_uartzigbee.o(.bss)
    os_messageQ_q_MsgBox_threadDP_Z2W        0x20004ea4   Data          96  datsprocess_uartzigbee.o(.bss)
    os_messageQ_q_MsgBox_uartZigbToutDats_dataSysRespond 0x20004f04   Data         136  datsprocess_uartzigbee.o(.bss)
    os_messageQ_q_MsgBox_uartZigbToutDats_dataRemoteComing 0x20004f8c   Data         176  datsprocess_uartzigbee.o(.bss)
    os_messageQ_q_MsgBox_uartZigbToutDats_rmDataReqResp 0x2000503c   Data         136  datsprocess_uartzigbee.o(.bss)
    os_messageQ_q_MsgBox_zigbFuncRemind      0x200050c4   Data          28  datsprocess_uartzigbee.o(.bss)
    localZigbASYDT_bufQueueRemoteReq         0x200050e0   Data       18144  datsprocess_uartzigbee.o(.bss)
    os_pool_m_dtThreadActInitParm_pool       0x2000a3c0   Data          32  uart_datatransfer.o(.bss)
    os_pool_m_threadDatsPass_pool            0x2000a3e0   Data        4212  uart_datatransfer.o(.bss)
    os_mutex_cb_mtxUartDblog                 0x2000b454   Data          16  uart_datatransfer.o(.bss)
    bspApp_IWDG                              0x2000b478   Data          16  bussiness_timerhard.o(.bss)
    os_timer_cb_timerUsrApp_nromalBussiness  0x2000b4c4   Data          24  bussiness_timersoft.o(.bss)
    mp_tcb                                   0x2000b4e8   Data         896  rtx_conf_cm.o(.bss)
    mp_stk                                   0x2000b868   Data        1040  rtx_conf_cm.o(.bss)
    os_stack_mem                             0x2000bc78   Data       26752  rtx_conf_cm.o(.bss)
    os_fifo                                  0x200124f8   Data         132  rtx_conf_cm.o(.bss)
    os_active_TCB                            0x2001257c   Data          68  rtx_conf_cm.o(.bss)
    os_messageQ_q_osTimerMessageQ            0x200125c0   Data          48  rtx_conf_cm.o(.bss)
    os_idle_TCB                              0x20012f88   Data          52  rt_task.o(.bss)
    os_rdy                                   0x20012fbc   Data          24  rt_list.o(.bss)
    os_dly                                   0x20012fd4   Data          24  rt_list.o(.bss)
    __libspace_start                         0x20012fec   Data          96  libspace.o(.bss)
    __temporary_stack_top$libspace           0x2001304c   Data           0  libspace.o(.bss)



==============================================================================

Memory Map of the image

  Image Entry point : 0x08000195

  Load Region LR_IROM1 (Base: 0x08000000, Size: 0x0000f354, Max: 0x00080000, ABSOLUTE, COMPRESSED[0x0000f1b8])

    Execution Region ER_IROM1 (Base: 0x08000000, Size: 0x0000f164, Max: 0x00080000, ABSOLUTE)

    Base Addr    Size         Type   Attr      Idx    E Section Name        Object

    0x08000000   0x00000194   Data   RO         4307    RESET               startup_stm32f401xe.o
    0x08000194   0x00000008   Code   RO         5648  * !!!main             c_w.l(__main.o)
    0x0800019c   0x00000034   Code   RO         5824    !!!scatter          c_w.l(__scatter.o)
    0x080001d0   0x0000005a   Code   RO         5822    !!dczerorl2         c_w.l(__dczerorl2.o)
    0x0800022a   0x00000002   PAD
    0x0800022c   0x0000001c   Code   RO         5826    !!handler_zi        c_w.l(__scatter_zi.o)
    0x08000248   0x00000000   Code   RO         5629    .ARM.Collect$$_printf_percent$$00000000  c_w.l(_printf_percent.o)
    0x08000248   0x00000006   Code   RO         5628    .ARM.Collect$$_printf_percent$$00000009  c_w.l(_printf_d.o)
    0x0800024e   0x00000006   Code   RO         5627    .ARM.Collect$$_printf_percent$$0000000C  c_w.l(_printf_x.o)
    0x08000254   0x00000006   Code   RO         5626    .ARM.Collect$$_printf_percent$$00000014  c_w.l(_printf_s.o)
    0x0800025a   0x00000004   Code   RO         5667    .ARM.Collect$$_printf_percent$$00000017  c_w.l(_printf_percent_end.o)
    0x0800025e   0x00000002   Code   RO         5708    .ARM.Collect$$libinit$$00000000  c_w.l(libinit.o)
    0x08000260   0x00000004   Code   RO         5719    .ARM.Collect$$libinit$$00000001  c_w.l(libinit2.o)
    0x08000264   0x00000000   Code   RO         5722    .ARM.Collect$$libinit$$00000004  c_w.l(libinit2.o)
    0x08000264   0x00000000   Code   RO         5725    .ARM.Collect$$libinit$$0000000A  c_w.l(libinit2.o)
    0x08000264   0x00000000   Code   RO         5727    .ARM.Collect$$libinit$$0000000C  c_w.l(libinit2.o)
    0x08000264   0x00000000   Code   RO         5729    .ARM.Collect$$libinit$$0000000E  c_w.l(libinit2.o)
    0x08000264   0x00000000   Code   RO         5732    .ARM.Collect$$libinit$$00000011  c_w.l(libinit2.o)
    0x08000264   0x00000000   Code   RO         5734    .ARM.Collect$$libinit$$00000013  c_w.l(libinit2.o)
    0x08000264   0x00000000   Code   RO         5736    .ARM.Collect$$libinit$$00000015  c_w.l(libinit2.o)
    0x08000264   0x00000000   Code   RO         5738    .ARM.Collect$$libinit$$00000017  c_w.l(libinit2.o)
    0x08000264   0x00000000   Code   RO         5740    .ARM.Collect$$libinit$$00000019  c_w.l(libinit2.o)
    0x08000264   0x00000000   Code   RO         5742    .ARM.Collect$$libinit$$0000001B  c_w.l(libinit2.o)
    0x08000264   0x00000000   Code   RO         5744    .ARM.Collect$$libinit$$0000001D  c_w.l(libinit2.o)
    0x08000264   0x00000000   Code   RO         5746    .ARM.Collect$$libinit$$0000001F  c_w.l(libinit2.o)
    0x08000264   0x00000000   Code   RO         5748    .ARM.Collect$$libinit$$00000021  c_w.l(libinit2.o)
    0x08000264   0x00000000   Code   RO         5750    .ARM.Collect$$libinit$$00000023  c_w.l(libinit2.o)
    0x08000264   0x00000000   Code   RO         5752    .ARM.Collect$$libinit$$00000025  c_w.l(libinit2.o)
    0x08000264   0x00000000   Code   RO         5756    .ARM.Collect$$libinit$$0000002C  c_w.l(libinit2.o)
    0x08000264   0x00000000   Code   RO         5758    .ARM.Collect$$libinit$$0000002E  c_w.l(libinit2.o)
    0x08000264   0x00000000   Code   RO         5760    .ARM.Collect$$libinit$$00000030  c_w.l(libinit2.o)
    0x08000264   0x00000000   Code   RO         5762    .ARM.Collect$$libinit$$00000032  c_w.l(libinit2.o)
    0x08000264   0x00000002   Code   RO         5763    .ARM.Collect$$libinit$$00000033  c_w.l(libinit2.o)
    0x08000266   0x00000002   Code   RO         5709    .ARM.Collect$$libshutdown$$00000000  c_w.l(libshutdown.o)
    0x08000268   0x00000000   Code   RO         5765    .ARM.Collect$$libshutdown$$00000002  c_w.l(libshutdown2.o)
    0x08000268   0x00000000   Code   RO         5767    .ARM.Collect$$libshutdown$$00000004  c_w.l(libshutdown2.o)
    0x08000268   0x00000000   Code   RO         5770    .ARM.Collect$$libshutdown$$00000007  c_w.l(libshutdown2.o)
    0x08000268   0x00000000   Code   RO         5773    .ARM.Collect$$libshutdown$$0000000A  c_w.l(libshutdown2.o)
    0x08000268   0x00000000   Code   RO         5775    .ARM.Collect$$libshutdown$$0000000C  c_w.l(libshutdown2.o)
    0x08000268   0x00000000   Code   RO         5778    .ARM.Collect$$libshutdown$$0000000F  c_w.l(libshutdown2.o)
    0x08000268   0x00000002   Code   RO         5779    .ARM.Collect$$libshutdown$$00000010  c_w.l(libshutdown2.o)
    0x0800026a   0x00000000   Code   RO         5650    .ARM.Collect$$rtentry$$00000000  c_w.l(__rtentry.o)
    0x0800026a   0x00000000   Code   RO         5669    .ARM.Collect$$rtentry$$00000002  c_w.l(__rtentry2.o)
    0x0800026a   0x00000006   Code   RO         5681    .ARM.Collect$$rtentry$$00000004  c_w.l(__rtentry4.o)
    0x08000270   0x00000000   Code   RO         5671    .ARM.Collect$$rtentry$$00000009  c_w.l(__rtentry2.o)
    0x08000270   0x00000004   Code   RO         5672    .ARM.Collect$$rtentry$$0000000A  c_w.l(__rtentry2.o)
    0x08000274   0x00000008   Code   RO         5673    .ARM.Collect$$rtentry$$0000000B  c_w.l(__rtentry2.o)
    0x0800027c   0x00000008   Code   RO         5675    .ARM.Collect$$rtentry$$0000000D  c_w.l(__rtentry2.o)
    0x08000284   0x00000002   Code   RO         5651    .ARM.Collect$$rtexit$$00000000  c_w.l(rtexit.o)
    0x08000286   0x00000000   Code   RO         5684    .ARM.Collect$$rtexit$$00000002  c_w.l(rtexit2.o)
    0x08000286   0x00000004   Code   RO         5685    .ARM.Collect$$rtexit$$00000003  c_w.l(rtexit2.o)
    0x0800028a   0x00000006   Code   RO         5686    .ARM.Collect$$rtexit$$00000004  c_w.l(rtexit2.o)
    0x08000290   0x0000001c   Code   RO         1355    .emb_text           rtx_conf_cm.o
    0x080002ac   0x00000198   Code   RO         5549    .emb_text           RTX_CM4.lib(hal_cm4.o)
    0x08000444   0x00000040   Code   RO         4308    .text               startup_stm32f401xe.o
    0x08000484   0x00000008   Code   RO         5564    .text               c_w.l(libspace.o)
    0x0800048c   0x000000ee   Code   RO         5567    .text               c_w.l(lludivv7m.o)
    0x0800057a   0x00000002   PAD
    0x0800057c   0x00000028   Code   RO         5573    .text               c_w.l(noretval__2sprintf.o)
    0x080005a4   0x00000034   Code   RO         5575    .text               c_w.l(noretval__2snprintf.o)
    0x080005d8   0x0000004e   Code   RO         5579    .text               c_w.l(_printf_pad.o)
    0x08000626   0x00000052   Code   RO         5581    .text               c_w.l(_printf_str.o)
    0x08000678   0x00000078   Code   RO         5583    .text               c_w.l(_printf_dec.o)
    0x080006f0   0x00000058   Code   RO         5588    .text               c_w.l(_printf_hex_int.o)
    0x08000748   0x00000138   Code   RO         5618    .text               c_w.l(__printf_flags_wp.o)
    0x08000880   0x00000012   Code   RO         5630    .text               c_w.l(exit.o)
    0x08000892   0x00000058   Code   RO         5632    .text               c_w.l(memcmp.o)
    0x080008ea   0x0000003e   Code   RO         5634    .text               c_w.l(strlen.o)
    0x08000928   0x00000018   Code   RO         5636    .text               c_w.l(strcat.o)
    0x08000940   0x0000008a   Code   RO         5638    .text               c_w.l(rt_memcpy_v6.o)
    0x080009ca   0x00000064   Code   RO         5640    .text               c_w.l(rt_memcpy_w.o)
    0x08000a2e   0x00000044   Code   RO         5642    .text               c_w.l(rt_memclr.o)
    0x08000a72   0x0000004e   Code   RO         5644    .text               c_w.l(rt_memclr_w.o)
    0x08000ac0   0x00000006   Code   RO         5646    .text               c_w.l(heapauxi.o)
    0x08000ac6   0x000000b2   Code   RO         5657    .text               c_w.l(_printf_intcommon.o)
    0x08000b78   0x00000030   Code   RO         5659    .text               c_w.l(_printf_char_common.o)
    0x08000ba8   0x0000000a   Code   RO         5661    .text               c_w.l(_sputc.o)
    0x08000bb2   0x00000010   Code   RO         5663    .text               c_w.l(_snputc.o)
    0x08000bc2   0x0000002c   Code   RO         5665    .text               c_w.l(_printf_char.o)
    0x08000bee   0x00000002   PAD
    0x08000bf0   0x0000000c   Code   RO         5694    .text               c_w.l(sys_exit.o)
    0x08000bfc   0x0000004a   Code   RO         5696    .text               c_w.l(sys_stackheap_outer.o)
    0x08000c46   0x00000002   Code   RO         5710    .text               c_w.l(use_no_semi.o)
    0x08000c48   0x00000000   Code   RO         5712    .text               c_w.l(indicate_semi.o)
    0x08000c48   0x00000004   Code   RO         5559    SVC_TABLE           RTX_CM4.lib(svc_table.o)
    0x08000c4c   0x00000014   Code   RO         1416    i.DMA1_Stream5_IRQHandler  usart_stm32f4xx.o
    0x08000c60   0x00000014   Code   RO         1417    i.DMA1_Stream6_IRQHandler  usart_stm32f4xx.o
    0x08000c74   0x00000014   Code   RO         1418    i.DMA2_Stream1_IRQHandler  usart_stm32f4xx.o
    0x08000c88   0x00000014   Code   RO         1419    i.DMA2_Stream2_IRQHandler  usart_stm32f4xx.o
    0x08000c9c   0x00000014   Code   RO         1420    i.DMA2_Stream6_IRQHandler  usart_stm32f4xx.o
    0x08000cb0   0x00000014   Code   RO         1421    i.DMA2_Stream7_IRQHandler  usart_stm32f4xx.o
    0x08000cc4   0x00000034   Code   RO         2129    i.DMA_CalcBaseAndBitshift  stm32f4xx_hal_dma.o
    0x08000cf8   0x0000002c   Code   RO         2130    i.DMA_SetConfig     stm32f4xx_hal_dma.o
    0x08000d24   0x00000184   Code   RO         1009    i.DcodeScan         bspdrv_iptdevice.o
    0x08000ea8   0x0000004c   Code   RO         1010    i.DcodeScan_oneShoot  bspdrv_iptdevice.o
    0x08000ef4   0x00000104   Code   RO         1422    i.Enable_GPIO_Clock  usart_stm32f4xx.o
    0x08000ff8   0x0000005e   Code   RO         2131    i.HAL_DMA_Abort     stm32f4xx_hal_dma.o
    0x08001056   0x00000064   Code   RO         2132    i.HAL_DMA_DeInit    stm32f4xx_hal_dma.o
    0x080010ba   0x00000002   PAD
    0x080010bc   0x00000218   Code   RO         2135    i.HAL_DMA_IRQHandler  stm32f4xx_hal_dma.o
    0x080012d4   0x00000084   Code   RO         2136    i.HAL_DMA_Init      stm32f4xx_hal_dma.o
    0x08001358   0x0000006a   Code   RO         2139    i.HAL_DMA_Start_IT  stm32f4xx_hal_dma.o
    0x080013c2   0x00000002   PAD
    0x080013c4   0x00000138   Code   RO         2510    i.HAL_GPIO_DeInit   stm32f4xx_hal_gpio.o
    0x080014fc   0x000001d4   Code   RO         2513    i.HAL_GPIO_Init     stm32f4xx_hal_gpio.o
    0x080016d0   0x00000010   Code   RO         2515    i.HAL_GPIO_ReadPin  stm32f4xx_hal_gpio.o
    0x080016e0   0x0000000c   Code   RO         2517    i.HAL_GPIO_WritePin  stm32f4xx_hal_gpio.o
    0x080016ec   0x0000000c   Code   RO         1864    i.HAL_GetTick       stm32f4xx_hal.o
    0x080016f8   0x0000004c   Code   RO         2577    i.HAL_IWDG_Init     stm32f4xx_hal_iwdg.o
    0x08001744   0x00000002   Code   RO         2578    i.HAL_IWDG_MspInit  stm32f4xx_hal_iwdg.o
    0x08001746   0x00000064   Code   RO         2579    i.HAL_IWDG_Refresh  stm32f4xx_hal_iwdg.o
    0x080017aa   0x00000038   Code   RO         2580    i.HAL_IWDG_Start    stm32f4xx_hal_iwdg.o
    0x080017e2   0x00000002   PAD
    0x080017e4   0x0000003c   Code   RO         1866    i.HAL_Init          stm32f4xx_hal.o
    0x08001820   0x00000024   Code   RO         1867    i.HAL_InitTick      stm32f4xx_hal.o
    0x08001844   0x0000000a   Code   RO         1869    i.HAL_MspInit       stm32f4xx_hal.o
    0x0800184e   0x00000002   PAD
    0x08001850   0x00000024   Code   RO         2002    i.HAL_NVIC_ClearPendingIRQ  stm32f4xx_hal_cortex.o
    0x08001874   0x00000044   Code   RO         2003    i.HAL_NVIC_DisableIRQ  stm32f4xx_hal_cortex.o
    0x080018b8   0x00000020   Code   RO         2004    i.HAL_NVIC_EnableIRQ  stm32f4xx_hal_cortex.o
    0x080018d8   0x0000007c   Code   RO         2010    i.HAL_NVIC_SetPriority  stm32f4xx_hal_cortex.o
    0x08001954   0x00000028   Code   RO         2011    i.HAL_NVIC_SetPriorityGrouping  stm32f4xx_hal_cortex.o
    0x0800197c   0x00000044   Code   RO         2012    i.HAL_NVIC_SystemReset  stm32f4xx_hal_cortex.o
    0x080019c0   0x00000038   Code   RO         2828    i.HAL_RCC_GetHCLKFreq  stm32f4xx_hal_rcc.o
    0x080019f8   0x0000002c   Code   RO         2830    i.HAL_RCC_GetPCLK1Freq  stm32f4xx_hal_rcc.o
    0x08001a24   0x0000002c   Code   RO         2831    i.HAL_RCC_GetPCLK2Freq  stm32f4xx_hal_rcc.o
    0x08001a50   0x000000b4   Code   RO         2832    i.HAL_RCC_GetSysClockFreq  stm32f4xx_hal_rcc.o
    0x08001b04   0x00000034   Code   RO         2015    i.HAL_SYSTICK_Config  stm32f4xx_hal_cortex.o
    0x08001b38   0x00000002   Code   RO         3604    i.HAL_TIMEx_BreakCallback  stm32f4xx_hal_tim_ex.o
    0x08001b3a   0x00000002   Code   RO         3605    i.HAL_TIMEx_CommutationCallback  stm32f4xx_hal_tim_ex.o
    0x08001b3c   0x00000034   Code   RO         2965    i.HAL_TIM_Base_Init  stm32f4xx_hal_tim.o
    0x08001b70   0x00000048   Code   RO          362    i.HAL_TIM_Base_MspInit  usrmanage_halhwcallbcak.o
    0x08001bb8   0x0000001e   Code   RO         2970    i.HAL_TIM_Base_Start_IT  stm32f4xx_hal_tim.o
    0x08001bd6   0x00000002   Code   RO         2994    i.HAL_TIM_IC_CaptureCallback  stm32f4xx_hal_tim.o
    0x08001bd8   0x00000196   Code   RO         3007    i.HAL_TIM_IRQHandler  stm32f4xx_hal_tim.o
    0x08001d6e   0x00000002   Code   RO         3010    i.HAL_TIM_OC_DelayElapsedCallback  stm32f4xx_hal_tim.o
    0x08001d70   0x00000002   Code   RO         3037    i.HAL_TIM_PWM_PulseFinishedCallback  stm32f4xx_hal_tim.o
    0x08001d72   0x0000000c   Code   RO          363    i.HAL_TIM_PeriodElapsedCallback  usrmanage_halhwcallbcak.o
    0x08001d7e   0x00000002   Code   RO         3048    i.HAL_TIM_TriggerCallback  stm32f4xx_hal_tim.o
    0x08001d80   0x00000064   Code   RO         4316    i.SystemInit        system_stm32f4xx.o
    0x08001de4   0x00000010   Code   RO          863    i.TIM3_IRQHandler   bussiness_timerhard.o
    0x08001df4   0x00000124   Code   RO          864    i.TIM3_IRQHandler_callByHal  bussiness_timerhard.o
    0x08001f18   0x000000b0   Code   RO         3049    i.TIM_Base_SetConfig  stm32f4xx_hal_tim.o
    0x08001fc8   0x000000a0   Code   RO          539    i.TimerZigbDevManage_Callback  datsprocess_uartzigbee.o
    0x08002068   0x00000018   Code   RO         1423    i.USART1_Control    usart_stm32f4xx.o
    0x08002080   0x00000094   Code   RO          755    i.USART1_DbugP1_Init  uart_datatransfer.o
    0x08002114   0x00000010   Code   RO         1424    i.USART1_GetCapabilities  usart_stm32f4xx.o
    0x08002124   0x00000010   Code   RO         1425    i.USART1_GetModemStatus  usart_stm32f4xx.o
    0x08002134   0x00000010   Code   RO         1426    i.USART1_GetRxCount  usart_stm32f4xx.o
    0x08002144   0x00000010   Code   RO         1427    i.USART1_GetStatus  usart_stm32f4xx.o
    0x08002154   0x00000010   Code   RO         1428    i.USART1_GetTxCount  usart_stm32f4xx.o
    0x08002164   0x00000010   Code   RO         1429    i.USART1_IRQHandler  usart_stm32f4xx.o
    0x08002174   0x00000014   Code   RO         1430    i.USART1_Initialize  usart_stm32f4xx.o
    0x08002188   0x00000014   Code   RO         1431    i.USART1_PowerControl  usart_stm32f4xx.o
    0x0800219c   0x00000010   Code   RO         1432    i.USART1_RX_DMA_Complete  usart_stm32f4xx.o
    0x080021ac   0x00000018   Code   RO         1433    i.USART1_Receive    usart_stm32f4xx.o
    0x080021c4   0x00000018   Code   RO         1434    i.USART1_Send       usart_stm32f4xx.o
    0x080021dc   0x00000014   Code   RO         1435    i.USART1_SetModemControl  usart_stm32f4xx.o
    0x080021f0   0x00000010   Code   RO         1436    i.USART1_TX_DMA_Complete  usart_stm32f4xx.o
    0x08002200   0x0000001c   Code   RO         1437    i.USART1_Transfer   usart_stm32f4xx.o
    0x0800221c   0x00000010   Code   RO         1438    i.USART1_Uninitialize  usart_stm32f4xx.o
    0x0800222c   0x00000018   Code   RO         1439    i.USART2_Control    usart_stm32f4xx.o
    0x08002244   0x00000070   Code   RO          756    i.USART2_DataTransP1_Init  uart_datatransfer.o
    0x080022b4   0x00000010   Code   RO         1440    i.USART2_GetCapabilities  usart_stm32f4xx.o
    0x080022c4   0x00000010   Code   RO         1441    i.USART2_GetModemStatus  usart_stm32f4xx.o
    0x080022d4   0x00000010   Code   RO         1442    i.USART2_GetRxCount  usart_stm32f4xx.o
    0x080022e4   0x00000010   Code   RO         1443    i.USART2_GetStatus  usart_stm32f4xx.o
    0x080022f4   0x00000010   Code   RO         1444    i.USART2_GetTxCount  usart_stm32f4xx.o
    0x08002304   0x00000010   Code   RO         1445    i.USART2_IRQHandler  usart_stm32f4xx.o
    0x08002314   0x00000014   Code   RO         1446    i.USART2_Initialize  usart_stm32f4xx.o
    0x08002328   0x00000014   Code   RO         1447    i.USART2_PowerControl  usart_stm32f4xx.o
    0x0800233c   0x00000010   Code   RO         1448    i.USART2_RX_DMA_Complete  usart_stm32f4xx.o
    0x0800234c   0x00000018   Code   RO         1449    i.USART2_Receive    usart_stm32f4xx.o
    0x08002364   0x00000018   Code   RO         1450    i.USART2_Send       usart_stm32f4xx.o
    0x0800237c   0x00000014   Code   RO         1451    i.USART2_SetModemControl  usart_stm32f4xx.o
    0x08002390   0x00000010   Code   RO         1452    i.USART2_TX_DMA_Complete  usart_stm32f4xx.o
    0x080023a0   0x0000001c   Code   RO         1453    i.USART2_Transfer   usart_stm32f4xx.o
    0x080023bc   0x00000010   Code   RO         1454    i.USART2_Uninitialize  usart_stm32f4xx.o
    0x080023cc   0x00000018   Code   RO         1455    i.USART6_Control    usart_stm32f4xx.o
    0x080023e4   0x000000c0   Code   RO          757    i.USART6_DataTransP2_Init  uart_datatransfer.o
    0x080024a4   0x00000010   Code   RO         1456    i.USART6_GetCapabilities  usart_stm32f4xx.o
    0x080024b4   0x00000010   Code   RO         1457    i.USART6_GetModemStatus  usart_stm32f4xx.o
    0x080024c4   0x00000010   Code   RO         1458    i.USART6_GetRxCount  usart_stm32f4xx.o
    0x080024d4   0x00000010   Code   RO         1459    i.USART6_GetStatus  usart_stm32f4xx.o
    0x080024e4   0x00000010   Code   RO         1460    i.USART6_GetTxCount  usart_stm32f4xx.o
    0x080024f4   0x00000010   Code   RO         1461    i.USART6_IRQHandler  usart_stm32f4xx.o
    0x08002504   0x00000014   Code   RO         1462    i.USART6_Initialize  usart_stm32f4xx.o
    0x08002518   0x00000014   Code   RO         1463    i.USART6_PowerControl  usart_stm32f4xx.o
    0x0800252c   0x00000010   Code   RO         1464    i.USART6_RX_DMA_Complete  usart_stm32f4xx.o
    0x0800253c   0x00000018   Code   RO         1465    i.USART6_Receive    usart_stm32f4xx.o
    0x08002554   0x00000018   Code   RO         1466    i.USART6_Send       usart_stm32f4xx.o
    0x0800256c   0x00000014   Code   RO         1467    i.USART6_SetModemControl  usart_stm32f4xx.o
    0x08002580   0x00000010   Code   RO         1468    i.USART6_TX_DMA_Complete  usart_stm32f4xx.o
    0x08002590   0x0000001c   Code   RO         1469    i.USART6_Transfer   usart_stm32f4xx.o
    0x080025ac   0x00000010   Code   RO         1470    i.USART6_Uninitialize  usart_stm32f4xx.o
    0x080025bc   0x000008a4   Code   RO         1471    i.USART_Control     usart_stm32f4xx.o
    0x08002e60   0x00000006   Code   RO         1472    i.USART_GetCapabilities  usart_stm32f4xx.o
    0x08002e66   0x00000094   Code   RO         1473    i.USART_GetModemStatus  usart_stm32f4xx.o
    0x08002efa   0x0000001c   Code   RO         1474    i.USART_GetRxCount  usart_stm32f4xx.o
    0x08002f16   0x000000d4   Code   RO         1475    i.USART_GetStatus   usart_stm32f4xx.o
    0x08002fea   0x0000001c   Code   RO         1476    i.USART_GetTxCount  usart_stm32f4xx.o
    0x08003006   0x0000025c   Code   RO         1477    i.USART_IRQHandler  usart_stm32f4xx.o
    0x08003262   0x00000002   PAD
    0x08003264   0x000001d0   Code   RO         1478    i.USART_Initialize  usart_stm32f4xx.o
    0x08003434   0x00000098   Code   RO         1479    i.USART_PeripheralReset  usart_stm32f4xx.o
    0x080034cc   0x00000220   Code   RO         1480    i.USART_PowerControl  usart_stm32f4xx.o
    0x080036ec   0x00000084   Code   RO         1481    i.USART_RX_DMA_Complete  usart_stm32f4xx.o
    0x08003770   0x00000146   Code   RO         1482    i.USART_Receive     usart_stm32f4xx.o
    0x080038b6   0x00000118   Code   RO         1483    i.USART_Send        usart_stm32f4xx.o
    0x080039ce   0x00000072   Code   RO         1484    i.USART_SetModemControl  usart_stm32f4xx.o
    0x08003a40   0x0000004c   Code   RO         1485    i.USART_TX_DMA_Complete  usart_stm32f4xx.o
    0x08003a8c   0x0000006a   Code   RO         1486    i.USART_Transfer    usart_stm32f4xx.o
    0x08003af6   0x0000006a   Code   RO         1487    i.USART_Uninitialize  usart_stm32f4xx.o
    0x08003b60   0x00000010   Code   RO         1488    i.USARTx_GetVersion  usart_stm32f4xx.o
    0x08003b70   0x000000cc   Code   RO         1011    i.UsrKEYScan        bspdrv_iptdevice.o
    0x08003c3c   0x00000020   Code   RO         1012    i.UsrKEYScan_oneShoot  bspdrv_iptdevice.o
    0x08003c5c   0x000029e4   Code   RO          395    i.WIFI_mainThread   datsprocess_uartwifi.o
    0x08006640   0x0000001c   Code   RO          540    i.XOR_CHECK         datsprocess_uartzigbee.o
    0x0800665c   0x000001fc   Code   RO          541    i.ZigB_NwkCreat     datsprocess_uartzigbee.o
    0x08006858   0x000000f0   Code   RO          542    i.ZigB_PANIDReales  datsprocess_uartzigbee.o
    0x08006948   0x0000007c   Code   RO          543    i.ZigB_TXFrameLoad  datsprocess_uartzigbee.o
    0x080069c4   0x00000168   Code   RO          544    i.ZigB_datsRemoteRX  datsprocess_uartzigbee.o
    0x08006b2c   0x000002d8   Code   RO          545    i.ZigB_datsTX_ASY   datsprocess_uartzigbee.o
    0x08006e04   0x00000074   Code   RO          546    i.ZigB_getIEEEAddr  datsprocess_uartzigbee.o
    0x08006e78   0x0000006c   Code   RO          547    i.ZigB_getPanIDCurrent  datsprocess_uartzigbee.o
    0x08006ee4   0x00000090   Code   RO          548    i.ZigB_getRandom    datsprocess_uartzigbee.o
    0x08006f74   0x0000014c   Code   RO          549    i.ZigB_inspectionSelf  datsprocess_uartzigbee.o
    0x080070c0   0x00000a0c   Code   RO          550    i.ZigB_mainThread   datsprocess_uartzigbee.o
    0x08007acc   0x00000060   Code   RO          551    i.ZigB_nwkReconnect  datsprocess_uartzigbee.o
    0x08007b2c   0x000000a0   Code   RO          552    i.ZigB_remoteDatsSend_straightforward  datsprocess_uartzigbee.o
    0x08007bcc   0x00000120   Code   RO          553    i.ZigB_resetInit    datsprocess_uartzigbee.o
    0x08007cec   0x00000026   Code   RO          554    i.ZigB_sysCtrlFrameLoad  datsprocess_uartzigbee.o
    0x08007d12   0x0000004c   Code   RO          555    i.ZigBdevDispList   datsprocess_uartzigbee.o
    0x08007d5e   0x00000002   PAD
    0x08007d60   0x0000001c   Code   RO         1489    i.__NVIC_ClearPendingIRQ  usart_stm32f4xx.o
    0x08007d7c   0x0000001a   Code   RO         1490    i.__NVIC_EnableIRQ  usart_stm32f4xx.o
    0x08007d96   0x00000002   PAD
    0x08007d98   0x00000010   Code   RO         2017    i.__NVIC_GetPriorityGrouping  stm32f4xx_hal_cortex.o
    0x08007da8   0x00000028   Code   RO         2018    i.__NVIC_SetPriority  stm32f4xx_hal_cortex.o
    0x08007dd0   0x00000046   Code   RO         5443    i._init_box         RTX_CM4.lib(rt_membox.o)
    0x08007e16   0x0000000e   Code   RO         5616    i._is_digit         c_w.l(__printf_wp.o)
    0x08007e24   0x00000020   Code   RO         1357    i._mutex_acquire    rtx_conf_cm.o
    0x08007e44   0x0000001c   Code   RO         1359    i._mutex_release    rtx_conf_cm.o
    0x08007e60   0x000000f4   Code   RO         1310    i.actuatorRelay_Act  bspdrv_optdevrelay.o
    0x08007f54   0x00000028   Code   RO         1138    i.beeps_usrActive   bspdrv_optdevtips.o
    0x08007f7c   0x0000005c   Code   RO         1311    i.bsp_actuatorRelay_Init  bspdrv_optdevrelay.o
    0x08007fd8   0x00000018   Code   RO          186    i.bsp_dataManageInit  datamanage.o
    0x08007ff0   0x00000050   Code   RO          865    i.bsp_hwTimerInit   bussiness_timerhard.o
    0x08008040   0x00000010   Code   RO          866    i.bsp_iwdgFeed      bussiness_timerhard.o
    0x08008050   0x00000028   Code   RO          867    i.bsp_iwdgInit      bussiness_timerhard.o
    0x08008078   0x000000bc   Code   RO         1139    i.bsp_opreatReflectTips_Init  bspdrv_optdevtips.o
    0x08008134   0x00000050   Code   RO          283    i.bytesTo_float     usrappmethod.o
    0x08008184   0x00000014   Code   RO          758    i.com1DbugP1_Thread  uart_datatransfer.o
    0x08008198   0x0000000c   Code   RO          759    i.com2DataTransP1_Thread  uart_datatransfer.o
    0x080081a4   0x0000000c   Code   RO          760    i.com5DataTransP2_Thread  uart_datatransfer.o
    0x080081b0   0x00000070   Code   RO          761    i.communicationActive  uart_datatransfer.o
    0x08008220   0x0000005c   Code   RO          762    i.dataTransThread_Active  uart_datatransfer.o
    0x0800827c   0x00000030   Code   RO         5496    i.dbg_init          RTX_CM4.lib(hal_cm.o)
    0x080082ac   0x00000020   Code   RO         5497    i.dbg_task_notify   RTX_CM4.lib(hal_cm.o)
    0x080082cc   0x00000010   Code   RO         5498    i.dbg_task_switch   RTX_CM4.lib(hal_cm.o)
    0x080082dc   0x00000024   Code   RO          284    i.devCurtain_statusCodeChg_D2S  usrappmethod.o
    0x08008300   0x00000022   Code   RO          285    i.devCurtain_statusCodeChg_S2D  usrappmethod.o
    0x08008322   0x00000002   PAD
    0x08008324   0x00000024   Code   RO         1013    i.devDrvIpt_mainThread  bspdrv_iptdevice.o
    0x08008348   0x00000060   Code   RO         1014    i.devDrvIpt_threadProcessActive  bspdrv_iptdevice.o
    0x080083a8   0x00000068   Code   RO         1140    i.devNwkStatusTips_refresh  bspdrv_optdevtips.o
    0x08008410   0x0000000c   Code   RO         1141    i.devTipsParamGet_horsingLight  bspdrv_optdevtips.o
    0x0800841c   0x0000000c   Code   RO         1142    i.devTipsParamGet_keyLightColor  bspdrv_optdevtips.o
    0x08008428   0x0000000c   Code   RO         1143    i.devTipsParamSet_horsingLight  bspdrv_optdevtips.o
    0x08008434   0x0000000c   Code   RO         1144    i.devTipsParamSet_keyLightColor  bspdrv_optdevtips.o
    0x08008440   0x0000000c   Code   RO         1145    i.devTips_status_get  bspdrv_optdevtips.o
    0x0800844c   0x0000002c   Code   RO          868    i.drvApplication_hwTimer_initialization  bussiness_timerhard.o
    0x08008478   0x00000026   Code   RO          396    i.frame_Check       datsprocess_uartwifi.o
    0x0800849e   0x00000002   PAD
    0x080084a0   0x0000010c   Code   RO          286    i.ftoa              usrappmethod.o
    0x080085ac   0x0000002a   Code   RO         4352    i.isrMessageGet     RTX_CM4.lib(rt_cmsis.o)
    0x080085d6   0x0000002c   Code   RO         4353    i.isrMessagePut     RTX_CM4.lib(rt_cmsis.o)
    0x08008602   0x00000024   Code   RO         4355    i.isrSignalSet      RTX_CM4.lib(rt_cmsis.o)
    0x08008626   0x00000002   PAD
    0x08008628   0x00000028   Code   RO         5180    i.isr_evt_set       RTX_CM4.lib(rt_event.o)
    0x08008650   0x00000056   Code   RO         5298    i.isr_mbx_receive   RTX_CM4.lib(rt_mailbox.o)
    0x080086a6   0x0000000e   Code   RO         5299    i.isr_mbx_send      RTX_CM4.lib(rt_mailbox.o)
    0x080086b4   0x00000060   Code   RO            4    i.main              usrmain.o
    0x08008714   0x00000046   Code   RO          287    i.memloc            usrappmethod.o
    0x0800875a   0x0000003a   Code   RO          288    i.memmem            usrappmethod.o
    0x08008794   0x00000018   Code   RO          763    i.msgQueueInit      uart_datatransfer.o
    0x080087ac   0x000001b0   Code   RO         1015    i.normalBussiness_shortTouchTrig  bspdrv_iptdevice.o
    0x0800895c   0x00000018   Code   RO         4356    i.osDelay           RTX_CM4.lib(rt_cmsis.o)
    0x08008974   0x00000024   Code   RO         4357    i.osKernelInitialize  RTX_CM4.lib(rt_cmsis.o)
    0x08008998   0x0000006c   Code   RO         4359    i.osKernelStart     RTX_CM4.lib(rt_cmsis.o)
    0x08008a04   0x00000018   Code   RO          764    i.osMemoryInit      uart_datatransfer.o
    0x08008a1c   0x0000002c   Code   RO         4367    i.osMessageCreate   RTX_CM4.lib(rt_cmsis.o)
    0x08008a48   0x00000018   Code   RO         4368    i.osMessageGet      RTX_CM4.lib(rt_cmsis.o)
    0x08008a60   0x00000018   Code   RO         4369    i.osMessagePut      RTX_CM4.lib(rt_cmsis.o)
    0x08008a78   0x0000002c   Code   RO         4370    i.osMutexCreate     RTX_CM4.lib(rt_cmsis.o)
    0x08008aa4   0x00000018   Code   RO         4372    i.osMutexRelease    RTX_CM4.lib(rt_cmsis.o)
    0x08008abc   0x00000020   Code   RO         4374    i.osPoolAlloc       RTX_CM4.lib(rt_cmsis.o)
    0x08008adc   0x0000002c   Code   RO         4376    i.osPoolCreate      RTX_CM4.lib(rt_cmsis.o)
    0x08008b08   0x00000020   Code   RO         4377    i.osPoolFree        RTX_CM4.lib(rt_cmsis.o)
    0x08008b28   0x00000018   Code   RO         4383    i.osSignalSet       RTX_CM4.lib(rt_cmsis.o)
    0x08008b40   0x00000018   Code   RO         4384    i.osSignalWait      RTX_CM4.lib(rt_cmsis.o)
    0x08008b58   0x0000002c   Code   RO         4385    i.osThreadCreate    RTX_CM4.lib(rt_cmsis.o)
    0x08008b84   0x00000018   Code   RO         4386    i.osThreadExit      RTX_CM4.lib(rt_cmsis.o)
    0x08008b9c   0x00000018   Code   RO         4387    i.osThreadGetId     RTX_CM4.lib(rt_cmsis.o)
    0x08008bb4   0x0000000c   Code   RO         4392    i.osTimerCall       RTX_CM4.lib(rt_cmsis.o)
    0x08008bc0   0x0000002c   Code   RO         4393    i.osTimerCreate     RTX_CM4.lib(rt_cmsis.o)
    0x08008bec   0x00000018   Code   RO         4395    i.osTimerStart      RTX_CM4.lib(rt_cmsis.o)
    0x08008c04   0x0000002c   Code   RO         4397    i.osTimerThread     RTX_CM4.lib(rt_cmsis.o)
    0x08008c30   0x00000022   Code   RO         1360    i.os_error          rtx_conf_cm.o
    0x08008c52   0x00000004   Code   RO         1361    i.os_idle_demon     rtx_conf_cm.o
    0x08008c56   0x00000002   PAD
    0x08008c58   0x00000028   Code   RO         5090    i.os_tick_init      RTX_CM4.lib(rt_system.o)
    0x08008c80   0x00000002   Code   RO         5091    i.os_tick_irqack    RTX_CM4.lib(rt_system.o)
    0x08008c82   0x00000002   PAD
    0x08008c84   0x00000030   Code   RO         1312    i.relayActingProcess_Thread  bspdrv_optdevrelay.o
    0x08008cb4   0x000001e0   Code   RO         1313    i.relay_statusReales  bspdrv_optdevrelay.o
    0x08008e94   0x0000001a   Code   RO         5444    i.rt_alloc_box      RTX_CM4.lib(rt_membox.o)
    0x08008eae   0x0000003e   Code   RO         5472    i.rt_alloc_mem      RTX_CM4.lib(rt_memory.o)
    0x08008eec   0x00000038   Code   RO         4971    i.rt_block          RTX_CM4.lib(rt_task.o)
    0x08008f24   0x00000048   Code   RO         5421    i.rt_chk_robin      RTX_CM4.lib(rt_robin.o)
    0x08008f6c   0x00000070   Code   RO         5222    i.rt_dec_dly        RTX_CM4.lib(rt_list.o)
    0x08008fdc   0x00000044   Code   RO         4972    i.rt_dispatch       RTX_CM4.lib(rt_task.o)
    0x08009020   0x00000006   Code   RO         5388    i.rt_dly_wait       RTX_CM4.lib(rt_time.o)
    0x08009026   0x00000002   PAD
    0x08009028   0x00000050   Code   RO         5183    i.rt_evt_psh        RTX_CM4.lib(rt_event.o)
    0x08009078   0x0000005c   Code   RO         5184    i.rt_evt_set        RTX_CM4.lib(rt_event.o)
    0x080090d4   0x0000003c   Code   RO         5185    i.rt_evt_wait       RTX_CM4.lib(rt_event.o)
    0x08009110   0x0000002c   Code   RO         5445    i.rt_free_box       RTX_CM4.lib(rt_membox.o)
    0x0800913c   0x00000028   Code   RO         5473    i.rt_free_mem       RTX_CM4.lib(rt_memory.o)
    0x08009164   0x00000028   Code   RO         5223    i.rt_get_first      RTX_CM4.lib(rt_list.o)
    0x0800918c   0x00000008   Code   RO         4402    i.rt_id2obj         RTX_CM4.lib(rt_cmsis.o)
    0x08009194   0x00000048   Code   RO         4973    i.rt_init_context   RTX_CM4.lib(rt_task.o)
    0x080091dc   0x0000001a   Code   RO         5474    i.rt_init_mem       RTX_CM4.lib(rt_memory.o)
    0x080091f6   0x00000002   PAD
    0x080091f8   0x00000018   Code   RO         5422    i.rt_init_robin     RTX_CM4.lib(rt_robin.o)
    0x08009210   0x00000080   Code   RO         5499    i.rt_init_stack     RTX_CM4.lib(hal_cm.o)
    0x08009290   0x00000008   Code   RO         5300    i.rt_mbx_check      RTX_CM4.lib(rt_mailbox.o)
    0x08009298   0x0000001a   Code   RO         5301    i.rt_mbx_init       RTX_CM4.lib(rt_mailbox.o)
    0x080092b2   0x00000002   PAD
    0x080092b4   0x000000f0   Code   RO         5302    i.rt_mbx_psh        RTX_CM4.lib(rt_mailbox.o)
    0x080093a4   0x00000098   Code   RO         5303    i.rt_mbx_send       RTX_CM4.lib(rt_mailbox.o)
    0x0800943c   0x000000b4   Code   RO         5304    i.rt_mbx_wait       RTX_CM4.lib(rt_mailbox.o)
    0x080094f0   0x00000044   Code   RO         4403    i.rt_ms2tick        RTX_CM4.lib(rt_cmsis.o)
    0x08009534   0x00000010   Code   RO         5056    i.rt_mut_init       RTX_CM4.lib(rt_mutex.o)
    0x08009544   0x000000d8   Code   RO         5057    i.rt_mut_release    RTX_CM4.lib(rt_mutex.o)
    0x0800961c   0x00000078   Code   RO         5058    i.rt_mut_wait       RTX_CM4.lib(rt_mutex.o)
    0x08009694   0x0000007c   Code   RO         5094    i.rt_pop_req        RTX_CM4.lib(rt_system.o)
    0x08009710   0x00000020   Code   RO         5095    i.rt_psh_req        RTX_CM4.lib(rt_system.o)
    0x08009730   0x0000005c   Code   RO         5225    i.rt_psq_enq        RTX_CM4.lib(rt_list.o)
    0x0800978c   0x00000048   Code   RO         5226    i.rt_put_dly        RTX_CM4.lib(rt_list.o)
    0x080097d4   0x00000036   Code   RO         5227    i.rt_put_prio       RTX_CM4.lib(rt_list.o)
    0x0800980a   0x00000002   PAD
    0x0800980c   0x00000014   Code   RO         5228    i.rt_put_rdy_first  RTX_CM4.lib(rt_list.o)
    0x08009820   0x00000034   Code   RO         5229    i.rt_resort_prio    RTX_CM4.lib(rt_list.o)
    0x08009854   0x00000010   Code   RO         5500    i.rt_ret_regs       RTX_CM4.lib(hal_cm.o)
    0x08009864   0x0000000c   Code   RO         5501    i.rt_ret_val        RTX_CM4.lib(hal_cm.o)
    0x08009870   0x00000010   Code   RO         5502    i.rt_ret_val2       RTX_CM4.lib(hal_cm.o)
    0x08009880   0x00000028   Code   RO         5230    i.rt_rmv_dly        RTX_CM4.lib(rt_list.o)
    0x080098a8   0x00000030   Code   RO         5231    i.rt_rmv_list       RTX_CM4.lib(rt_list.o)
    0x080098d8   0x00000034   Code   RO         5349    i.rt_sem_psh        RTX_CM4.lib(rt_semaphore.o)
    0x0800990c   0x00000024   Code   RO         5097    i.rt_stk_check      RTX_CM4.lib(rt_system.o)
    0x08009930   0x00000028   Code   RO         4974    i.rt_switch_req     RTX_CM4.lib(rt_task.o)
    0x08009958   0x000000cc   Code   RO         4975    i.rt_sys_init       RTX_CM4.lib(rt_task.o)
    0x08009a24   0x00000078   Code   RO         4976    i.rt_sys_start      RTX_CM4.lib(rt_task.o)
    0x08009a9c   0x00000040   Code   RO         5099    i.rt_systick        RTX_CM4.lib(rt_system.o)
    0x08009adc   0x00000012   Code   RO         4404    i.rt_tid2ptcb       RTX_CM4.lib(rt_cmsis.o)
    0x08009aee   0x00000002   PAD
    0x08009af0   0x00000034   Code   RO         4405    i.rt_timer_insert   RTX_CM4.lib(rt_cmsis.o)
    0x08009b24   0x0000003c   Code   RO         4406    i.rt_timer_remove   RTX_CM4.lib(rt_cmsis.o)
    0x08009b60   0x00000088   Code   RO         4977    i.rt_tsk_create     RTX_CM4.lib(rt_task.o)
    0x08009be8   0x0000017c   Code   RO         4978    i.rt_tsk_delete     RTX_CM4.lib(rt_task.o)
    0x08009d64   0x0000007c   Code   RO         4980    i.rt_tsk_prio       RTX_CM4.lib(rt_task.o)
    0x08009de0   0x00000010   Code   RO         4981    i.rt_tsk_self       RTX_CM4.lib(rt_task.o)
    0x08009df0   0x00000052   Code   RO          289    i.str2Mac5          usrappmethod.o
    0x08009e42   0x0000008e   Code   RO          290    i.str2devType       usrappmethod.o
    0x08009ed0   0x00000012   Code   RO         4407    i.svcDelay          RTX_CM4.lib(rt_cmsis.o)
    0x08009ee2   0x00000002   PAD
    0x08009ee4   0x00000070   Code   RO         4408    i.svcKernelInitialize  RTX_CM4.lib(rt_cmsis.o)
    0x08009f54   0x00000048   Code   RO         4410    i.svcKernelStart    RTX_CM4.lib(rt_cmsis.o)
    0x08009f9c   0x00000024   Code   RO         4413    i.svcMessageCreate  RTX_CM4.lib(rt_cmsis.o)
    0x08009fc0   0x0000003a   Code   RO         4414    i.svcMessageGet     RTX_CM4.lib(rt_cmsis.o)
    0x08009ffa   0x00000036   Code   RO         4415    i.svcMessagePut     RTX_CM4.lib(rt_cmsis.o)
    0x0800a030   0x0000001c   Code   RO         4416    i.svcMutexCreate    RTX_CM4.lib(rt_cmsis.o)
    0x0800a04c   0x00000022   Code   RO         4418    i.svcMutexRelease   RTX_CM4.lib(rt_cmsis.o)
    0x0800a06e   0x00000028   Code   RO         4420    i.svcPoolCreate     RTX_CM4.lib(rt_cmsis.o)
    0x0800a096   0x00000024   Code   RO         4426    i.svcSignalSet      RTX_CM4.lib(rt_cmsis.o)
    0x0800a0ba   0x00000002   PAD
    0x0800a0bc   0x00000054   Code   RO         4427    i.svcSignalWait     RTX_CM4.lib(rt_cmsis.o)
    0x0800a110   0x0000006c   Code   RO         4428    i.svcThreadCreate   RTX_CM4.lib(rt_cmsis.o)
    0x0800a17c   0x0000001c   Code   RO         4429    i.svcThreadGetId    RTX_CM4.lib(rt_cmsis.o)
    0x0800a198   0x00000038   Code   RO         4432    i.svcThreadTerminate  RTX_CM4.lib(rt_cmsis.o)
    0x0800a1d0   0x00000018   Code   RO         4434    i.svcTimerCall      RTX_CM4.lib(rt_cmsis.o)
    0x0800a1e8   0x00000038   Code   RO         4435    i.svcTimerCreate    RTX_CM4.lib(rt_cmsis.o)
    0x0800a220   0x00000064   Code   RO         4437    i.svcTimerStart     RTX_CM4.lib(rt_cmsis.o)
    0x0800a284   0x00000028   Code   RO          187    i.switchTypeReserve_GET  datamanage.o
    0x0800a2ac   0x0000000a   Code   RO         4441    i.sysPoolAlloc      RTX_CM4.lib(rt_cmsis.o)
    0x0800a2b6   0x00000014   Code   RO         4442    i.sysPoolFree       RTX_CM4.lib(rt_cmsis.o)
    0x0800a2ca   0x00000002   PAD
    0x0800a2cc   0x0000005c   Code   RO         4443    i.sysTimerTick      RTX_CM4.lib(rt_cmsis.o)
    0x0800a328   0x0000007c   Code   RO         1016    i.threadProcessIptDrv_initialization  bspdrv_iptdevice.o
    0x0800a3a4   0x00000100   Code   RO          397    i.threadProcessWifi_initialization  datsprocess_uartwifi.o
    0x0800a4a4   0x00000158   Code   RO          556    i.threadProcessZigb_initialization  datsprocess_uartzigbee.o
    0x0800a5fc   0x00000048   Code   RO         1146    i.thread_tipsGetDark  bspdrv_optdevtips.o
    0x0800a644   0x0000012c   Code   RO          973    i.timActivingProcess_Thread  timer_activing.o
    0x0800a770   0x00000094   Code   RO         1147    i.tipsLED_colorSet  bspdrv_optdevtips.o
    0x0800a804   0x0000034c   Code   RO         1150    i.tips_specified    bspdrv_optdevtips.o
    0x0800ab50   0x00000020   Code   RO         1151    i.tips_statusChangeToAPFind  bspdrv_optdevtips.o
    0x0800ab70   0x00000014   Code   RO         1152    i.tips_statusChangeToFactoryRecover  bspdrv_optdevtips.o
    0x0800ab84   0x00000018   Code   RO         1153    i.tips_statusChangeToNormal  bspdrv_optdevtips.o
    0x0800ab9c   0x00000014   Code   RO         1154    i.tips_statusChangeToTouchReset  bspdrv_optdevtips.o
    0x0800abb0   0x00000028   Code   RO         1155    i.tips_statusChangeToZigbNwkOpen  bspdrv_optdevtips.o
    0x0800abd8   0x00000360   Code   RO         1156    i.tips_sysButtonReales  bspdrv_optdevtips.o
    0x0800af38   0x00000024   Code   RO         1157    i.tips_sysStandBy   bspdrv_optdevtips.o
    0x0800af5c   0x00000064   Code   RO         1158    i.tips_sysTouchReset  bspdrv_optdevtips.o
    0x0800afc0   0x0000003c   Code   RO         1017    i.touchPadScan_oneShoot  bspdrv_iptdevice.o
    0x0800affc   0x00000198   Code   RO         1018    i.touchPad_Scan     bspdrv_iptdevice.o
    0x0800b194   0x00000154   Code   RO         1019    i.touchPad_functionTrigContinue  bspdrv_iptdevice.o
    0x0800b2e8   0x00000188   Code   RO         1020    i.touchPad_functionTrigNormal  bspdrv_iptdevice.o
    0x0800b470   0x00000032   Code   RO          398    i.tuyaApp_datapointFormatLoad  datsprocess_uartwifi.o
    0x0800b4a2   0x00000002   PAD
    0x0800b4a4   0x00000168   Code   RO          399    i.tuyaApp_devMulitAddStrCid_get  datsprocess_uartwifi.o
    0x0800b60c   0x00000064   Code   RO          400    i.tuyaApp_devTypeDefPid_strGet  datsprocess_uartwifi.o
    0x0800b670   0x00000054   Code   RO          401    i.tuyaApp_frameWifiCheck  datsprocess_uartwifi.o
    0x0800b6c4   0x0000005a   Code   RO          402    i.tuyaApp_frameWifiLoad  datsprocess_uartwifi.o
    0x0800b71e   0x00000002   PAD
    0x0800b720   0x00000060   Code   RO          188    i.typeStrgetByNum   datamanage.o
    0x0800b780   0x00000018   Code   RO          765    i.uartConDblog_eventFunCb  uart_datatransfer.o
    0x0800b798   0x00000030   Code   RO          404    i.uartConWifi_eventFunCb  datsprocess_uartwifi.o
    0x0800b7c8   0x00000048   Code   RO          557    i.uartConZigb_eventFunCb  datsprocess_uartzigbee.o
    0x0800b810   0x00000030   Code   RO          766    i.uartDrvObjGet     uart_datatransfer.o
    0x0800b840   0x00000024   Code   RO          767    i.uartRxTimeout_signalDefGet  uart_datatransfer.o
    0x0800b864   0x00000014   Code   RO          405    i.uartWifiDataRcvHandle_Thread  datsprocess_uartwifi.o
    0x0800b878   0x00000014   Code   RO          558    i.uartZigbDataRcvHandle_Thread  datsprocess_uartzigbee.o
    0x0800b88c   0x00000020   Code   RO          925    i.usrAppNormalBussiness_softTimerInit  bussiness_timersoft.o
    0x0800b8ac   0x000001ec   Code   RO          926    i.usrAppNormalbussiness_timerCb  bussiness_timersoft.o
    0x0800ba98   0x00000018   Code   RO          974    i.usrAppTimActiving_processInit  timer_activing.o
    0x0800bab0   0x0000001e   Code   RO          406    i.usrApp_checkNumCal_add8  datsprocess_uartwifi.o
    0x0800bace   0x00000002   PAD
    0x0800bad0   0x0000000c   Code   RO          408    i.usrApp_devWifiStatus_set  datsprocess_uartwifi.o
    0x0800badc   0x00000018   Code   RO          409    i.usrApp_gateWayfuncNwkopen_opreat  datsprocess_uartwifi.o
    0x0800baf4   0x00000014   Code   RO          410    i.usrApp_gateWayfuncNwkopen_terminate  datsprocess_uartwifi.o
    0x0800bb08   0x0000004c   Code   RO         1021    i.usrApp_iptFunctionReales_period1ms  bspdrv_iptdevice.o
    0x0800bb54   0x00000002   Code   RO          192    i.usrApp_nvsOpreation_dataGet  datamanage.o
    0x0800bb56   0x00000034   Code   RO          193    i.usrApp_nvsOpreation_dataSave  datamanage.o
    0x0800bb8a   0x00000002   PAD
    0x0800bb8c   0x00000068   Code   RO          194    i.usrApp_nvsOpreation_test  datamanage.o
    0x0800bbf4   0x0000002c   Code   RO         1159    i.usrApp_tipsActionFunctionReales_period1ms  bspdrv_optdevtips.o
    0x0800bc20   0x00000140   Code   RO         1160    i.usrApp_tipsBeepFunctionReales_period100us  bspdrv_optdevtips.o
    0x0800bd60   0x00000490   Code   RO         1161    i.usrApp_tipsLightFunctionReales_period100us  bspdrv_optdevtips.o
    0x0800c1f0   0x00000088   Code   RO          768    i.usrApp_usartEventCb_register  uart_datatransfer.o
    0x0800c278   0x00000070   Code   RO         1022    i.usrApp_wifiNwkCfg_start  bspdrv_iptdevice.o
    0x0800c2e8   0x00000080   Code   RO         1023    i.usrApp_wifiNwkCfg_stop  bspdrv_iptdevice.o
    0x0800c368   0x00000008   Code   RO         1024    i.usrFunCB_pressLongA  bspdrv_iptdevice.o
    0x0800c370   0x00000026   Code   RO         1025    i.usrFunCB_pressLongB  bspdrv_iptdevice.o
    0x0800c396   0x0000001e   Code   RO         1026    i.usrFunCB_pressShort  bspdrv_iptdevice.o
    0x0800c3b4   0x00000008   Code   RO         1027    i.usrFunCB_touchPadTrig_3S1L  bspdrv_iptdevice.o
    0x0800c3bc   0x00000054   Code   RO         1028    i.usrFunCB_touchPadTrig_3S5S  bspdrv_iptdevice.o
    0x0800c410   0x00000664   Code   RO         1162    i.usrTipsProcess_Thread  bspdrv_optdevtips.o
    0x0800ca74   0x00000038   Code   RO          411    i.wifiFunction_callFromThread  datsprocess_uartwifi.o
    0x0800caac   0x0000001c   Code   RO          412    i.wifiFunction_nwkCfgStart  datsprocess_uartwifi.o
    0x0800cac8   0x0000017c   Code   RO          413    i.wifiThreadPrt_uartDataRcv_process  datsprocess_uartwifi.o
    0x0800cc44   0x00000180   Code   RO          559    i.zigB_sysTimeGetRealesWithLocal  datsprocess_uartzigbee.o
    0x0800cdc4   0x00000078   Code   RO          561    i.zigB_sysTimeSet_detailedFormatTuya  datsprocess_uartzigbee.o
    0x0800ce3c   0x0000001c   Code   RO          562    i.zigbDev_chatLenDectect  datsprocess_uartzigbee.o
    0x0800ce58   0x00000074   Code   RO          563    i.zigbDev_delSame   datsprocess_uartzigbee.o
    0x0800cecc   0x00000070   Code   RO          564    i.zigbDev_eptCreat  datsprocess_uartzigbee.o
    0x0800cf3c   0x00000084   Code   RO          565    i.zigbDev_eptPutout_BYnwk  datsprocess_uartzigbee.o
    0x0800cfc0   0x000000a0   Code   RO          566    i.zigbDev_eptPutout_BYpsy  datsprocess_uartzigbee.o
    0x0800d060   0x00000050   Code   RO          567    i.zigbDev_eptRemove_BYnwk  datsprocess_uartzigbee.o
    0x0800d0b0   0x00000038   Code   RO          569    i.zigbFunction_callFromThread  datsprocess_uartzigbee.o
    0x0800d0e8   0x00000068   Code   RO          570    i.zigbNetwork_OpenIF  datsprocess_uartzigbee.o
    0x0800d150   0x00000574   Code   RO          571    i.zigbThreadPrt_uartDataRcv_process  datsprocess_uartzigbee.o
    0x0800d6c4   0x000000f0   Code   RO          572    i.zigb_VALIDA_INPUT  datsprocess_uartzigbee.o
    0x0800d7b4   0x00000098   Code   RO          574    i.zigb_clusterSet   datsprocess_uartzigbee.o
    0x0800d84c   0x00000100   Code   RO          575    i.zigb_datsRequest  datsprocess_uartzigbee.o
    0x0800d94c   0x0000000a   Code   RO         5786    x$fpl$fpinit        fz_wm.l(fpinit.o)
    0x0800d956   0x00000002   PAD
    0x0800d958   0x00000068   Data   RO          196    .constdata          datamanage.o
    0x0800d9c0   0x000000f6   Data   RO          415    .constdata          datsprocess_uartwifi.o
    0x0800dab6   0x00000002   PAD
    0x0800dab8   0x000012ac   Data   RO          577    .constdata          datsprocess_uartzigbee.o
    0x0800ed64   0x0000004c   Data   RO          770    .constdata          uart_datatransfer.o
    0x0800edb0   0x00000008   Data   RO          928    .constdata          bussiness_timersoft.o
    0x0800edb8   0x00000010   Data   RO          975    .constdata          timer_activing.o
    0x0800edc8   0x00000010   Data   RO         1029    .constdata          bspdrv_iptdevice.o
    0x0800edd8   0x00000031   Data   RO         1164    .constdata          bspdrv_optdevtips.o
    0x0800ee09   0x00000003   PAD
    0x0800ee0c   0x00000010   Data   RO         1314    .constdata          bspdrv_optdevrelay.o
    0x0800ee1c   0x00000068   Data   RO         1363    .constdata          rtx_conf_cm.o
    0x0800ee84   0x00000208   Data   RO         1492    .constdata          usart_stm32f4xx.o
    0x0800f08c   0x00000008   Data   RO         2140    .constdata          stm32f4xx_hal_dma.o
    0x0800f094   0x00000010   Data   RO         2836    .constdata          stm32f4xx_hal_rcc.o
    0x0800f0a4   0x00000028   Data   RO         5589    .constdata          c_w.l(_printf_hex_int.o)
    0x0800f0cc   0x00000011   Data   RO         5619    .constdata          c_w.l(__printf_flags_wp.o)
    0x0800f0dd   0x00000003   PAD
    0x0800f0e0   0x00000064   Data   RO          416    .conststring        datsprocess_uartwifi.o
    0x0800f144   0x00000020   Data   RO         5820    Region$$Table       anon$$obj.o


    Execution Region RW_IRAM1 (Base: 0x20000000, Size: 0x00013650, Max: 0x00018000, ABSOLUTE, COMPRESSED[0x00000054])

    Base Addr    Size         Type   Attr      Idx    E Section Name        Object

    0x20000000   0x00000058   Data   RW          197    .data               datamanage.o
    0x20000058   0x00000048   Data   RW          417    .data               datsprocess_uartwifi.o
    0x200000a0   0x00000061   Data   RW          578    .data               datsprocess_uartzigbee.o
    0x20000101   0x00000003   PAD
    0x20000104   0x00000018   Data   RW          771    .data               uart_datatransfer.o
    0x2000011c   0x00000008   Data   RW          870    .data               bussiness_timerhard.o
    0x20000124   0x00000007   Data   RW          929    .data               bussiness_timersoft.o
    0x2000012b   0x00000001   PAD
    0x2000012c   0x00000006   Data   RW          976    .data               timer_activing.o
    0x20000132   0x00000002   PAD
    0x20000134   0x00000022   Data   RW         1030    .data               bspdrv_iptdevice.o
    0x20000156   0x00000002   PAD
    0x20000158   0x00000044   Data   RW         1165    .data               bspdrv_optdevtips.o
    0x2000019c   0x0000000d   Data   RW         1315    .data               bspdrv_optdevrelay.o
    0x200001a9   0x00000003   PAD
    0x200001ac   0x00000014   Data   RW         1364    .data               rtx_conf_cm.o
    0x200001c0   0x00000004   Data   RW         1872    .data               stm32f4xx_hal.o
    0x200001c4   0x00000004   Data   RW         4318    .data               system_stm32f4xx.o
    0x200001c8   0x00000008   Data   RW         4446    .data               RTX_CM4.lib(rt_cmsis.o)
    0x200001d0   0x00000008   Data   RW         4983    .data               RTX_CM4.lib(rt_task.o)
    0x200001d8   0x00000008   Data   RW         5102    .data               RTX_CM4.lib(rt_system.o)
    0x200001e0   0x00000004   Data   RW         5392    .data               RTX_CM4.lib(rt_time.o)
    0x200001e4   0x00000008   Data   RW         5423    .data               RTX_CM4.lib(rt_robin.o)
    0x200001ec   0x00000001   Data   RW         5503    .data               RTX_CM4.lib(hal_cm.o)
    0x200001ed   0x00000003   PAD
    0x200001f0   0x0000108c   Zero   RW          195    .bss                datamanage.o
    0x2000127c   0x000016b8   Zero   RW          414    .bss                datsprocess_uartwifi.o
    0x20002934   0x00007a8c   Zero   RW          576    .bss                datsprocess_uartzigbee.o
    0x2000a3c0   0x000010b8   Zero   RW          769    .bss                uart_datatransfer.o
    0x2000b478   0x0000004c   Zero   RW          869    .bss                bussiness_timerhard.o
    0x2000b4c4   0x00000018   Zero   RW          927    .bss                bussiness_timersoft.o
    0x2000b4dc   0x0000000c   Zero   RW         1163    .bss                bspdrv_optdevtips.o
    0x2000b4e8   0x000077e8   Zero   RW         1362    .bss                rtx_conf_cm.o
    0x20012cd0   0x000002b8   Zero   RW         1491    .bss                usart_stm32f4xx.o
    0x20012f88   0x00000034   Zero   RW         4982    .bss                RTX_CM4.lib(rt_task.o)
    0x20012fbc   0x00000030   Zero   RW         5232    .bss                RTX_CM4.lib(rt_list.o)
    0x20012fec   0x00000060   Zero   RW         5565    .bss                c_w.l(libspace.o)
    0x2001304c   0x00000004   PAD
    0x20013050   0x00000200   Zero   RW         4306    HEAP                startup_stm32f401xe.o
    0x20013250   0x00000400   Zero   RW         4305    STACK               startup_stm32f401xe.o


==============================================================================

Image component sizes


      Code (inc. data)   RO Data    RW Data    ZI Data      Debug   Object Name

      3072        558         16         34          0      15392   bspdrv_iptdevice.o
       864         58         16         13          0       4999   bspdrv_optdevrelay.o
      5760        500         49         68         12      21231   bspdrv_optdevtips.o
       488        104          0          8         76       4820   bussiness_timerhard.o
       524         60          8          7         24       6594   bussiness_timersoft.o
       318         48        104         88       4236      11092   datamanage.o
     12320        954        346         72       5816      33746   datsprocess_uartwifi.o
      9850       1230       4780         97      31372      38109   datsprocess_uartzigbee.o
       126         26        104         20      30696       9363   rtx_conf_cm.o
        64         26        404          0       1536        872   startup_stm32f401xe.o
       118         12          0          4          0       3858   stm32f4xx_hal.o
       476         42          0          0          0      36727   stm32f4xx_hal_cortex.o
      1064         16          8          0          0       6252   stm32f4xx_hal_dma.o
       808         62          0          0          0       4137   stm32f4xx_hal_gpio.o
       234          0          0          0          0       3303   stm32f4xx_hal_iwdg.o
       324         42         16          0          0       3597   stm32f4xx_hal_rcc.o
       672         28          0          0          0       6047   stm32f4xx_hal_tim.o
         4          0          0          0          0       1730   stm32f4xx_hal_tim_ex.o
       100         18          0          4          0       1321   system_stm32f4xx.o
       324         96         16          6          0       2012   timer_activing.o
       992        250         76         24       4280      13831   uart_datatransfer.o
      6900        402        520          0        696      87708   usart_stm32f4xx.o
       770         22          0          0          0      13284   usrappmethod.o
        96          0          0          0          0     256700   usrmain.o
        84         10          0          0          0       1603   usrmanage_halhwcallbcak.o

    ----------------------------------------------------------------------
     46380       4564       6500        456      78744     588328   Object Totals
         0          0         32          0          0          0   (incl. Generated)
        28          0          5         11          0          0   (incl. Padding)

    ----------------------------------------------------------------------

      Code (inc. data)   RO Data    RW Data    ZI Data      Debug   Library Member Name

       268         24          0          1          0       4524   hal_cm.o
       408         34          0          0          0        824   hal_cm4.o
      2094        240          0          8          0      52333   rt_cmsis.o
       272         18          0          0          0       2842   rt_event.o
       530         34          0          0         48       8685   rt_list.o
       706         14          0          0          0       5123   rt_mailbox.o
       140          0          0          0          0       2069   rt_membox.o
       128          0          0          0          0       2451   rt_memory.o
       352         14          0          0          0       2249   rt_mutex.o
        96         22          0          8          0       1254   rt_robin.o
        52          4          0          0          0        621   rt_semaphore.o
       298         52          0          8          0       6511   rt_system.o
      1216        174          0          8         52      10129   rt_task.o
         6          0          0          4          0        700   rt_time.o
         4          4          0          0          0        208   svc_table.o
        90          0          0          0          0          0   __dczerorl2.o
         8          0          0          0          0         68   __main.o
       312          4         17          0          0         92   __printf_flags_wp.o
        14          0          0          0          0         68   __printf_wp.o
         0          0          0          0          0          0   __rtentry.o
        20          0          0          0          0          0   __rtentry2.o
         6          0          0          0          0          0   __rtentry4.o
        52          8          0          0          0          0   __scatter.o
        28          0          0          0          0          0   __scatter_zi.o
        44          0          0          0          0        108   _printf_char.o
        48          6          0          0          0         96   _printf_char_common.o
         6          0          0          0          0          0   _printf_d.o
       120         16          0          0          0         92   _printf_dec.o
        88          4         40          0          0         88   _printf_hex_int.o
       178          0          0          0          0         88   _printf_intcommon.o
        78          0          0          0          0        108   _printf_pad.o
         0          0          0          0          0          0   _printf_percent.o
         4          0          0          0          0          0   _printf_percent_end.o
         6          0          0          0          0          0   _printf_s.o
        82          0          0          0          0         80   _printf_str.o
         6          0          0          0          0          0   _printf_x.o
        16          0          0          0          0         68   _snputc.o
        10          0          0          0          0         68   _sputc.o
        18          0          0          0          0         80   exit.o
         6          0          0          0          0        152   heapauxi.o
         0          0          0          0          0          0   indicate_semi.o
         2          0          0          0          0          0   libinit.o
         6          0          0          0          0          0   libinit2.o
         2          0          0          0          0          0   libshutdown.o
         2          0          0          0          0          0   libshutdown2.o
         8          4          0          0         96         68   libspace.o
       238          0          0          0          0        100   lludivv7m.o
        88          0          0          0          0         76   memcmp.o
        52          4          0          0          0         84   noretval__2snprintf.o
        40          6          0          0          0         84   noretval__2sprintf.o
        68          0          0          0          0         68   rt_memclr.o
        78          0          0          0          0         80   rt_memclr_w.o
       138          0          0          0          0         68   rt_memcpy_v6.o
       100          0          0          0          0         80   rt_memcpy_w.o
         2          0          0          0          0          0   rtexit.o
        10          0          0          0          0          0   rtexit2.o
        24          0          0          0          0         68   strcat.o
        62          0          0          0          0         76   strlen.o
        12          4          0          0          0         68   sys_exit.o
        74          0          0          0          0         80   sys_stackheap_outer.o
         2          0          0          0          0         68   use_no_semi.o
        10          0          0          0          0        116   fpinit.o

    ----------------------------------------------------------------------
      8856        690         60         40        200     102963   Library Totals
        28          0          3          3          4          0   (incl. Padding)

    ----------------------------------------------------------------------

      Code (inc. data)   RO Data    RW Data    ZI Data      Debug   Library Name

      6570        634          0         37        100     100523   RTX_CM4.lib
      2248         56         57          0         96       2324   c_w.l
        10          0          0          0          0        116   fz_wm.l

    ----------------------------------------------------------------------
      8856        690         60         40        200     102963   Library Totals

    ----------------------------------------------------------------------

==============================================================================


      Code (inc. data)   RO Data    RW Data    ZI Data      Debug   

     55236       5254       6560        496      78944     654543   Grand Totals
     55236       5254       6560         84      78944     654543   ELF Image Totals (compressed)
     55236       5254       6560         84          0          0   ROM Totals

==============================================================================

    Total RO  Size (Code + RO Data)                61796 (  60.35kB)
    Total RW  Size (RW Data + ZI Data)             79440 (  77.58kB)
    Total ROM Size (Code + RO Data + RW Data)      61880 (  60.43kB)

==============================================================================

